../Core/Src/main.c:84:5:main	8	static
../Core/Src/main.c:135:6:SystemClock_Config	88	static
../Core/Src/main.c:181:13:MX_I2C1_Init	8	static
../Core/Src/main.c:215:13:MX_I2S3_Init	8	static
../Core/Src/main.c:249:13:MX_SPI1_Init	8	static
../Core/Src/main.c:287:13:MX_SPI2_Init	8	static
../Core/Src/main.c:325:13:MX_TIM6_Init	16	static
../Core/Src/main.c:363:13:MX_USART2_UART_Init	8	static
../Core/Src/main.c:394:13:MX_DMA_Init	16	static
../Core/Src/main.c:418:13:MX_GPIO_Init	56	static
../Core/Src/main.c:547:6:Error_Handler	4	static,ignoring_inline_asm
