Archive member included to satisfy reference by file (symbol)

c:/st/stm32cubeide_1.12.0/stm32cubeide/plugins/com.st.stm32cube.ide.mcu.externaltools.gnu-tools-for-stm32.10.3-2021.10.win32_1.0.200.202301161003/tools/bin/../lib/gcc/arm-none-eabi/10.3.1/../../../../arm-none-eabi/lib/thumb/v7e-m+fp/hard\libstdc++_nano.a(del_ops.o)
                              ./Core/Src/Components/StaticFIFO.o (operator delete(void*, unsigned int))
c:/st/stm32cubeide_1.12.0/stm32cubeide/plugins/com.st.stm32cube.ide.mcu.externaltools.gnu-tools-for-stm32.10.3-2021.10.win32_1.0.200.202301161003/tools/bin/../lib/gcc/arm-none-eabi/10.3.1/../../../../arm-none-eabi/lib/thumb/v7e-m+fp/hard\libstdc++_nano.a(new_op.o)
                              ./Core/Src/Components/SerialDebug.o (operator new(unsigned int))
c:/st/stm32cubeide_1.12.0/stm32cubeide/plugins/com.st.stm32cube.ide.mcu.externaltools.gnu-tools-for-stm32.10.3-2021.10.win32_1.0.200.202301161003/tools/bin/../lib/gcc/arm-none-eabi/10.3.1/../../../../arm-none-eabi/lib/thumb/v7e-m+fp/hard\libstdc++_nano.a(new_opv.o)
                              ./Core/Src/Components/StaticFIFO.o (operator new[](unsigned int))
c:/st/stm32cubeide_1.12.0/stm32cubeide/plugins/com.st.stm32cube.ide.mcu.externaltools.gnu-tools-for-stm32.10.3-2021.10.win32_1.0.200.202301161003/tools/bin/../lib/gcc/arm-none-eabi/10.3.1/../../../../arm-none-eabi/lib/thumb/v7e-m+fp/hard\libstdc++_nano.a(pure.o)
                              ./Core/Src/Components/sx1280/sx1280-hal.o (__cxa_pure_virtual)
c:/st/stm32cubeide_1.12.0/stm32cubeide/plugins/com.st.stm32cube.ide.mcu.externaltools.gnu-tools-for-stm32.10.3-2021.10.win32_1.0.200.202301161003/tools/bin/../lib/gcc/arm-none-eabi/10.3.1/../../../../arm-none-eabi/lib/thumb/v7e-m+fp/hard\libstdc++_nano.a(del_op.o)
                              c:/st/stm32cubeide_1.12.0/stm32cubeide/plugins/com.st.stm32cube.ide.mcu.externaltools.gnu-tools-for-stm32.10.3-2021.10.win32_1.0.200.202301161003/tools/bin/../lib/gcc/arm-none-eabi/10.3.1/../../../../arm-none-eabi/lib/thumb/v7e-m+fp/hard\libstdc++_nano.a(del_ops.o) (operator delete(void*))
c:/st/stm32cubeide_1.12.0/stm32cubeide/plugins/com.st.stm32cube.ide.mcu.externaltools.gnu-tools-for-stm32.10.3-2021.10.win32_1.0.200.202301161003/tools/bin/../lib/gcc/arm-none-eabi/10.3.1/../../../../arm-none-eabi/lib/thumb/v7e-m+fp/hard\libstdc++_nano.a(eh_terminate.o)
                              c:/st/stm32cubeide_1.12.0/stm32cubeide/plugins/com.st.stm32cube.ide.mcu.externaltools.gnu-tools-for-stm32.10.3-2021.10.win32_1.0.200.202301161003/tools/bin/../lib/gcc/arm-none-eabi/10.3.1/../../../../arm-none-eabi/lib/thumb/v7e-m+fp/hard\libstdc++_nano.a(pure.o) (std::terminate())
c:/st/stm32cubeide_1.12.0/stm32cubeide/plugins/com.st.stm32cube.ide.mcu.externaltools.gnu-tools-for-stm32.10.3-2021.10.win32_1.0.200.202301161003/tools/bin/../lib/gcc/arm-none-eabi/10.3.1/../../../../arm-none-eabi/lib/thumb/v7e-m+fp/hard\libstdc++_nano.a(eh_unex_handler.o)
                              c:/st/stm32cubeide_1.12.0/stm32cubeide/plugins/com.st.stm32cube.ide.mcu.externaltools.gnu-tools-for-stm32.10.3-2021.10.win32_1.0.200.202301161003/tools/bin/../lib/gcc/arm-none-eabi/10.3.1/../../../../arm-none-eabi/lib/thumb/v7e-m+fp/hard\libstdc++_nano.a(eh_terminate.o) (__cxxabiv1::__unexpected_handler)
c:/st/stm32cubeide_1.12.0/stm32cubeide/plugins/com.st.stm32cube.ide.mcu.externaltools.gnu-tools-for-stm32.10.3-2021.10.win32_1.0.200.202301161003/tools/bin/../lib/gcc/arm-none-eabi/10.3.1/../../../../arm-none-eabi/lib/thumb/v7e-m+fp/hard\libstdc++_nano.a(new_handler.o)
                              c:/st/stm32cubeide_1.12.0/stm32cubeide/plugins/com.st.stm32cube.ide.mcu.externaltools.gnu-tools-for-stm32.10.3-2021.10.win32_1.0.200.202301161003/tools/bin/../lib/gcc/arm-none-eabi/10.3.1/../../../../arm-none-eabi/lib/thumb/v7e-m+fp/hard\libstdc++_nano.a(new_op.o) (std::get_new_handler())
c:/st/stm32cubeide_1.12.0/stm32cubeide/plugins/com.st.stm32cube.ide.mcu.externaltools.gnu-tools-for-stm32.10.3-2021.10.win32_1.0.200.202301161003/tools/bin/../lib/gcc/arm-none-eabi/10.3.1/../../../../arm-none-eabi/lib/thumb/v7e-m+fp/hard\libstdc++_nano.a(eh_term_handler.o)
                              c:/st/stm32cubeide_1.12.0/stm32cubeide/plugins/com.st.stm32cube.ide.mcu.externaltools.gnu-tools-for-stm32.10.3-2021.10.win32_1.0.200.202301161003/tools/bin/../lib/gcc/arm-none-eabi/10.3.1/../../../../arm-none-eabi/lib/thumb/v7e-m+fp/hard\libstdc++_nano.a(eh_terminate.o) (__cxxabiv1::__terminate_handler)
c:/st/stm32cubeide_1.12.0/stm32cubeide/plugins/com.st.stm32cube.ide.mcu.externaltools.gnu-tools-for-stm32.10.3-2021.10.win32_1.0.200.202301161003/tools/bin/../lib/gcc/arm-none-eabi/10.3.1/../../../../arm-none-eabi/lib/thumb/v7e-m+fp/hard\libm.a(lib_a-w_pow.o)
                              ./Core/Src/Components/sx1280/RangingCorrection.o (pow)
[...]
Memory Configuration

Name             Origin             Length             Attributes
CCMRAM           0x0000000010000000 0x0000000000010000 xrw
RAM              0x0000000020000000 0x0000000000020000 xrw
FLASH            0x0000000008000000 0x0000000000100000 xr
*default*        0x0000000000000000 0xffffffffffffffff

Linker script and memory map

LOAD c:/st/stm32cubeide_1.12.0/stm32cubeide/plugins/com.st.stm32cube.ide.mcu.externaltools.gnu-tools-for-stm32.10.3-2021.10.win32_1.0.200.202301161003/tools/bin/../lib/gcc/arm-none-eabi/10.3.1/thumb/v7e-m+fp/hard/crti.o
LOAD c:/st/stm32cubeide_1.12.0/stm32cubeide/plugins/com.st.stm32cube.ide.mcu.externaltools.gnu-tools-for-stm32.10.3-2021.10.win32_1.0.200.202301161003/tools/bin/../lib/gcc/arm-none-eabi/10.3.1/thumb/v7e-m+fp/hard/crtbegin.o
LOAD c:/st/stm32cubeide_1.12.0/stm32cubeide/plugins/com.st.stm32cube.ide.mcu.externaltools.gnu-tools-for-stm32.10.3-2021.10.win32_1.0.200.202301161003/tools/bin/../lib/gcc/arm-none-eabi/10.3.1/../../../../arm-none-eabi/lib/thumb/v7e-m+fp/hard/crt0.o
LOAD ./Core/Src/Components/SerialDebug.o
LOAD ./Core/Src/Components/Start.o
LOAD ./Core/Src/Components/StaticFIFO.o
LOAD ./Core/Src/Components/sx1280/RangingCorrection.o
LOAD ./Core/Src/Components/sx1280/sx1280-hal.o
LOAD ./Core/Src/Components/sx1280/sx1280.o
LOAD ./Core/Src/main.o
LOAD ./Core/Src/stm32f4xx_hal_msp.o
LOAD ./Core/Src/stm32f4xx_it.o
LOAD ./Core/Src/syscalls.o
LOAD ./Core/Src/sysmem.o
LOAD ./Core/Src/system_stm32f4xx.o
LOAD ./Core/Startup/startup_stm32f407vgtx.o
LOAD ./Drivers/STM32F4xx_HAL_Driver/Src/stm32f4xx_hal.o
LOAD ./Drivers/STM32F4xx_HAL_Driver/Src/stm32f4xx_hal_cortex.o
LOAD ./Drivers/STM32F4xx_HAL_Driver/Src/stm32f4xx_hal_dma.o
LOAD ./Drivers/STM32F4xx_HAL_Driver/Src/stm32f4xx_hal_dma_ex.o
LOAD ./Drivers/STM32F4xx_HAL_Driver/Src/stm32f4xx_hal_exti.o
LOAD ./Drivers/STM32F4xx_HAL_Driver/Src/stm32f4xx_hal_flash.o
LOAD ./Drivers/STM32F4xx_HAL_Driver/Src/stm32f4xx_hal_flash_ex.o
LOAD ./Drivers/STM32F4xx_HAL_Driver/Src/stm32f4xx_hal_flash_ramfunc.o
LOAD ./Drivers/STM32F4xx_HAL_Driver/Src/stm32f4xx_hal_gpio.o
LOAD ./Drivers/STM32F4xx_HAL_Driver/Src/stm32f4xx_hal_i2c.o
LOAD ./Drivers/STM32F4xx_HAL_Driver/Src/stm32f4xx_hal_i2c_ex.o
LOAD ./Drivers/STM32F4xx_HAL_Driver/Src/stm32f4xx_hal_i2s.o
LOAD ./Drivers/STM32F4xx_HAL_Driver/Src/stm32f4xx_hal_i2s_ex.o
LOAD ./Drivers/STM32F4xx_HAL_Driver/Src/stm32f4xx_hal_pcd.o
LOAD ./Drivers/STM32F4xx_HAL_Driver/Src/stm32f4xx_hal_pcd_ex.o
LOAD ./Drivers/STM32F4xx_HAL_Driver/Src/stm32f4xx_hal_pwr.o
LOAD ./Drivers/STM32F4xx_HAL_Driver/Src/stm32f4xx_hal_pwr_ex.o
LOAD ./Drivers/STM32F4xx_HAL_Driver/Src/stm32f4xx_hal_rcc.o
LOAD ./Drivers/STM32F4xx_HAL_Driver/Src/stm32f4xx_hal_rcc_ex.o
LOAD ./Drivers/STM32F4xx_HAL_Driver/Src/stm32f4xx_hal_spi.o
LOAD ./Drivers/STM32F4xx_HAL_Driver/Src/stm32f4xx_hal_tim.o
LOAD ./Drivers/STM32F4xx_HAL_Driver/Src/stm32f4xx_hal_tim_ex.o
LOAD ./Drivers/STM32F4xx_HAL_Driver/Src/stm32f4xx_hal_uart.o
LOAD ./Drivers/STM32F4xx_HAL_Driver/Src/stm32f4xx_ll_usb.o
LOAD ./Middlewares/ST/STM32_USB_Device_Library/Class/CDC/Src/usbd_cdc.o
LOAD ./Middlewares/ST/STM32_USB_Device_Library/Core/Src/usbd_core.o
LOAD ./Middlewares/ST/STM32_USB_Device_Library/Core/Src/usbd_ctlreq.o
LOAD ./Middlewares/ST/STM32_USB_Device_Library/Core/Src/usbd_ioreq.o
LOAD ./USB_DEVICE/App/usb_device.o
LOAD ./USB_DEVICE/App/usbd_cdc_if.o
LOAD ./USB_DEVICE/App/usbd_desc.o
LOAD ./USB_DEVICE/Target/usbd_conf.o
START GROUP
LOAD c:/st/stm32cubeide_1.12.0/stm32cubeide/plugins/com.st.stm32cube.ide.mcu.externaltools.gnu-tools-for-stm32.10.3-2021.10.win32_1.0.200.202301161003/tools/bin/../lib/gcc/arm-none-eabi/10.3.1/../../../../arm-none-eabi/lib/thumb/v7e-m+fp/hard\libstdc++_nano.a
LOAD c:/st/stm32cubeide_1.12.0/stm32cubeide/plugins/com.st.stm32cube.ide.mcu.externaltools.gnu-tools-for-stm32.10.3-2021.10.win32_1.0.200.202301161003/tools/bin/../lib/gcc/arm-none-eabi/10.3.1/../../../../arm-none-eabi/lib/thumb/v7e-m+fp/hard\libsupc++_nano.a
END GROUP
LOAD c:/st/stm32cubeide_1.12.0/stm32cubeide/plugins/com.st.stm32cube.ide.mcu.externaltools.gnu-tools-for-stm32.10.3-2021.10.win32_1.0.200.202301161003/tools/bin/../lib/gcc/arm-none-eabi/10.3.1/../../../../arm-none-eabi/lib/thumb/v7e-m+fp/hard\libstdc++_nano.a
LOAD c:/st/stm32cubeide_1.12.0/stm32cubeide/plugins/com.st.stm32cube.ide.mcu.externaltools.gnu-tools-for-stm32.10.3-2021.10.win32_1.0.200.202301161003/tools/bin/../lib/gcc/arm-none-eabi/10.3.1/../../../../arm-none-eabi/lib/thumb/v7e-m+fp/hard\libm.a
LOAD c:/st/stm32cubeide_1.12.0/stm32cubeide/plugins/com.st.stm32cube.ide.mcu.externaltools.gnu-tools-for-stm32.10.3-2021.10.win32_1.0.200.202301161003/tools/bin/../lib/gcc/arm-none-eabi/10.3.1/../../../../arm-none-eabi/lib/thumb/v7e-m+fp/hard\libc_nano.a
START GROUP
LOAD c:/st/stm32cubeide_1.12.0/stm32cubeide/plugins/com.st.stm32cube.ide.mcu.externaltools.gnu-tools-for-stm32.10.3-2021.10.win32_1.0.200.202301161003/tools/bin/../lib/gcc/arm-none-eabi/10.3.1/thumb/v7e-m+fp/hard\libgcc.a
LOAD c:/st/stm32cubeide_1.12.0/stm32cubeide/plugins/com.st.stm32cube.ide.mcu.externaltools.gnu-tools-for-stm32.10.3-2021.10.win32_1.0.200.202301161003/tools/bin/../lib/gcc/arm-none-eabi/10.3.1/../../../../arm-none-eabi/lib/thumb/v7e-m+fp/hard\libc_nano.a
END GROUP
START GROUP
LOAD c:/st/stm32cubeide_1.12.0/stm32cubeide/plugins/com.st.stm32cube.ide.mcu.externaltools.gnu-tools-for-stm32.10.3-2021.10.win32_1.0.200.202301161003/tools/bin/../lib/gcc/arm-none-eabi/10.3.1/thumb/v7e-m+fp/hard\libgcc.a
LOAD c:/st/stm32cubeide_1.12.0/stm32cubeide/plugins/com.st.stm32cube.ide.mcu.externaltools.gnu-tools-for-stm32.10.3-2021.10.win32_1.0.200.202301161003/tools/bin/../lib/gcc/arm-none-eabi/10.3.1/../../../../arm-none-eabi/lib/thumb/v7e-m+fp/hard\libc_nano.a
LOAD c:/st/stm32cubeide_1.12.0/stm32cubeide/plugins/com.st.stm32cube.ide.mcu.externaltools.gnu-tools-for-stm32.10.3-2021.10.win32_1.0.200.202301161003/tools/bin/../lib/gcc/arm-none-eabi/10.3.1/../../../../arm-none-eabi/lib/thumb/v7e-m+fp/hard\libnosys.a
END GROUP
START GROUP
LOAD c:/st/stm32cubeide_1.12.0/stm32cubeide/plugins/com.st.stm32cube.ide.mcu.externaltools.gnu-tools-for-stm32.10.3-2021.10.win32_1.0.200.202301161003/tools/bin/../lib/gcc/arm-none-eabi/10.3.1/thumb/v7e-m+fp/hard\libgcc.a
LOAD c:/st/stm32cubeide_1.12.0/stm32cubeide/plugins/com.st.stm32cube.ide.mcu.externaltools.gnu-tools-for-stm32.10.3-2021.10.win32_1.0.200.202301161003/tools/bin/../lib/gcc/arm-none-eabi/10.3.1/../../../../arm-none-eabi/lib/thumb/v7e-m+fp/hard\libc_nano.a
LOAD c:/st/stm32cubeide_1.12.0/stm32cubeide/plugins/com.st.stm32cube.ide.mcu.externaltools.gnu-tools-for-stm32.10.3-2021.10.win32_1.0.200.202301161003/tools/bin/../lib/gcc/arm-none-eabi/10.3.1/../../../../arm-none-eabi/lib/thumb/v7e-m+fp/hard\libnosys.a
END GROUP
LOAD c:/st/stm32cubeide_1.12.0/stm32cubeide/plugins/com.st.stm32cube.ide.mcu.externaltools.gnu-tools-for-stm32.10.3-2021.10.win32_1.0.200.202301161003/tools/bin/../lib/gcc/arm-none-eabi/10.3.1/thumb/v7e-m+fp/hard/crtend.o
LOAD c:/st/stm32cubeide_1.12.0/stm32cubeide/plugins/com.st.stm32cube.ide.mcu.externaltools.gnu-tools-for-stm32.10.3-2021.10.win32_1.0.200.202301161003/tools/bin/../lib/gcc/arm-none-eabi/10.3.1/thumb/v7e-m+fp/hard/crtn.o
                0x0000000020020000                _estack = (ORIGIN (RAM) + LENGTH (RAM))
                0x0000000000000200                _Min_Heap_Size = 0x200
                0x0000000000000400                _Min_Stack_Size = 0x400

.isr_vector     0x0000000008000000      0x188
                0x0000000008000000                . = ALIGN (0x4)
 *(.isr_vector)
 .isr_vector    0x0000000008000000      0x188 ./Core/Startup/startup_stm32f407vgtx.o
                0x0000000008000000                g_pfnVectors
                0x0000000008000188                . = ALIGN (0x4)

.text           0x0000000008000190     0xd97c
                0x0000000008000190                . = ALIGN (0x4)
 *(.text)
 .text          0x0000000008000190       0x40 c:/st/stm32cubeide_1.12.0/stm32cubeide/plugins/com.st.stm32cube.ide.mcu.externaltools.gnu-tools-for-stm32.10.3-2021.10.win32_1.0.200.202301161003/tools/bin/../lib/gcc/arm-none-eabi/10.3.1/thumb/v7e-m+fp/hard/crtbegin.o
 .text          0x00000000080001d0       0xa0 c:/st/stm32cubeide_1.12.0/stm32cubeide/plugins/com.st.stm32cube.ide.mcu.externaltools.gnu-tools-for-stm32.10.3-2021.10.win32_1.0.200.202301161003/tools/bin/../lib/gcc/arm-none-eabi/10.3.1/../../../../arm-none-eabi/lib/thumb/v7e-m+fp/hard\libc_nano.a(lib_a-memchr.o)
                0x00000000080001d0                memchr
 .text          0x0000000008000270      0x378 c:/st/stm32cubeide_1.12.0/stm32cubeide/plugins/com.st.stm32cube.ide.mcu.externaltools.gnu-tools-for-stm32.10.3-2021.10.win32_1.0.200.202301161003/tools/bin/../lib/gcc/arm-none-eabi/10.3.1/thumb/v7e-m+fp/hard\libgcc.a(_arm_addsubdf3.o)
                0x0000000008000270                __aeabi_drsub
                0x0000000008000278                __aeabi_dsub
                0x0000000008000278                __subdf3
                0x000000000800027c                __aeabi_dadd
                0x000000000800027c                __adddf3
                0x00000000080004f4                __floatunsidf
                0x00000000080004f4                __aeabi_ui2d
                0x0000000008000514                __floatsidf
                0x0000000008000514                __aeabi_i2d
                0x0000000008000538                __aeabi_f2d
                0x0000000008000538                __extendsfdf2
                0x000000000800057c                __floatundidf
                0x000000000800057c                __aeabi_ul2d
                0x000000000800058c                __floatdidf
                0x000000000800058c                __aeabi_l2d
 .text          0x00000000080005e8      0x424 c:/st/stm32cubeide_1.12.0/stm32cubeide/plugins/com.st.stm32cube.ide.mcu.externaltools.gnu-tools-for-stm32.10.3-2021.10.win32_1.0.200.202301161003/tools/bin/../lib/gcc/arm-none-eabi/10.3.1/thumb/v7e-m+fp/hard\libgcc.a(_arm_muldivdf3.o)
                0x00000000080005e8                __aeabi_dmul
                0x00000000080005e8                __muldf3
                0x000000000800083c                __divdf3
                0x000000000800083c                __aeabi_ddiv
 .text          0x0000000008000a0c       0x40 c:/st/stm32cubeide_1.12.0/stm32cubeide/plugins/com.st.stm32cube.ide.mcu.externaltools.gnu-tools-for-stm32.10.3-2021.10.win32_1.0.200.202301161003/tools/bin/../lib/gcc/arm-none-eabi/10.3.1/thumb/v7e-m+fp/hard\libgcc.a(_arm_fixunsdfsi.o)
                0x0000000008000a0c                __aeabi_d2uiz
                0x0000000008000a0c                __fixunsdfsi
 .text          0x0000000008000a4c       0x30 c:/st/stm32cubeide_1.12.0/stm32cubeide/plugins/com.st.stm32cube.ide.mcu.externaltools.gnu-tools-for-stm32.10.3-2021.10.win32_1.0.200.202301161003/tools/bin/../lib/gcc/arm-none-eabi/10.3.1/thumb/v7e-m+fp/hard\libgcc.a(_aeabi_uldivmod.o)
                0x0000000008000a4c                __aeabi_uldivmod
 .text          0x0000000008000a7c      0x2d0 c:/st/stm32cubeide_1.12.0/stm32cubeide/plugins/com.st.stm32cube.ide.mcu.externaltools.gnu-tools-for-stm32.10.3-2021.10.win32_1.0.200.202301161003/tools/bin/../lib/gcc/arm-none-eabi/10.3.1/thumb/v7e-m+fp/hard\libgcc.a(_udivmoddi4.o)
                0x0000000008000a7c                __udivmoddi4
 .text          0x0000000008000d4c        0x4 c:/st/stm32cubeide_1.12.0/stm32cubeide/plugins/com.st.stm32cube.ide.mcu.externaltools.gnu-tools-for-stm32.10.3-2021.10.win32_1.0.200.202301161003/tools/bin/../lib/gcc/arm-none-eabi/10.3.1/thumb/v7e-m+fp/hard\libgcc.a(_dvmd_tls.o)
                0x0000000008000d4c                __aeabi_idiv0
                0x0000000008000d4c                __aeabi_ldiv0
 *(.text*)
 .text._ZN11SerialDebugC2EP20__UART_HandleTypeDefm
                0x0000000008000d50       0x40 ./Core/Src/Components/SerialDebug.o
                0x0000000008000d50                SerialDebug::SerialDebug(__UART_HandleTypeDef*, unsigned long)
                0x0000000008000d50                SerialDebug::SerialDebug(__UART_HandleTypeDef*, unsigned long)
 .text._ZN11SerialDebug8setLevelENS_10DebugLevelE
                0x0000000008000d90       0x20 ./Core/Src/Components/SerialDebug.o
                0x0000000008000d90                SerialDebug::setLevel(SerialDebug::DebugLevel)
 .text._ZN11SerialDebug20serialTxCpltCallbackEv
                0x0000000008000db0       0x54 ./Core/Src/Components/SerialDebug.o
                0x0000000008000db0                SerialDebug::serialTxCpltCallback()
 .text._ZN11SerialDebug4infoEPKc
                0x0000000008000e04       0x84 ./Core/Src/Components/SerialDebug.o
                0x0000000008000e04                SerialDebug::info(char const*)
 .text.HAL_UART_TxCpltCallback
                0x0000000008000e88       0x28 ./Core/Src/Components/Start.o
                0x0000000008000e88                HAL_UART_TxCpltCallback
 .text.HAL_GPIO_EXTI_Callback
                0x0000000008000eb0       0x28 ./Core/Src/Components/Start.o
                0x0000000008000eb0                HAL_GPIO_EXTI_Callback
 .text.start    0x0000000008000ed8      0x21c ./Core/Src/Components/Start.o
                0x0000000008000ed8                start
 .text._Z41__static_initialization_and_destruction_0ii
                0x00000000080010f4       0x80 ./Core/Src/Components/Start.o
 .text._GLOBAL__sub_I_debug
                0x0000000008001174       0x10 ./Core/Src/Components/Start.o
 .text._GLOBAL__sub_D_debug
                0x0000000008001184       0x10 ./Core/Src/Components/Start.o
 .text._ZN10StaticFIFOC2Em
                0x0000000008001194       0x58 ./Core/Src/Components/StaticFIFO.o
                0x0000000008001194                StaticFIFO::StaticFIFO(unsigned long)
                0x0000000008001194                StaticFIFO::StaticFIFO(unsigned long)
 .text._ZN10StaticFIFOD2Ev
                0x00000000080011ec       0x2c ./Core/Src/Components/StaticFIFO.o
                0x00000000080011ec                StaticFIFO::~StaticFIFO()
                0x00000000080011ec                StaticFIFO::~StaticFIFO()
 .text._ZN10StaticFIFOD0Ev
                0x0000000008001218       0x20 ./Core/Src/Components/StaticFIFO.o
                0x0000000008001218                StaticFIFO::~StaticFIFO()
 .text._ZN10StaticFIFO4pushEPcm
                0x0000000008001238       0xd6 ./Core/Src/Components/StaticFIFO.o
                0x0000000008001238                StaticFIFO::push(char*, unsigned long)
 .text._ZN10StaticFIFO3popEPPhPmm
                0x000000000800130e       0xb6 ./Core/Src/Components/StaticFIFO.o
                0x000000000800130e                StaticFIFO::pop(unsigned char**, unsigned long*, unsigned long)
 .text._ZN5RadioC2EP16RadioCallbacks_t
                0x00000000080013c4       0x6c ./Core/Src/Components/sx1280/sx1280-hal.o
                0x00000000080013c4                Radio::Radio(RadioCallbacks_t*)
                0x00000000080013c4                Radio::Radio(RadioCallbacks_t*)
 .text._ZN5RadioD2Ev
                0x0000000008001430       0x20 ./Core/Src/Components/sx1280/sx1280-hal.o
                0x0000000008001430                Radio::~Radio()
                0x0000000008001430                Radio::~Radio()
 .text._ZN5RadioD0Ev
                0x0000000008001450       0x20 ./Core/Src/Components/sx1280/sx1280-hal.o
                0x0000000008001450                Radio::~Radio()
 .text._ZN6SX1280C2EP16RadioCallbacks_t
                0x0000000008001470       0x60 ./Core/Src/Components/sx1280/sx1280-hal.o
                0x0000000008001470                SX1280::SX1280(RadioCallbacks_t*)
                0x0000000008001470                SX1280::SX1280(RadioCallbacks_t*)
 .text._ZN6SX1280D2Ev
                0x00000000080014d0       0x24 ./Core/Src/Components/sx1280/sx1280-hal.o
                0x00000000080014d0                SX1280::~SX1280()
                0x00000000080014d0                SX1280::~SX1280()
 .text._ZN6SX1280D0Ev
                0x00000000080014f4       0x20 ./Core/Src/Components/sx1280/sx1280-hal.o
                0x00000000080014f4                SX1280::~SX1280()
 .text._ZN9SX1280HalC2EP19__SPI_HandleTypeDefP12GPIO_TypeDeftS3_tS3_tP16RadioCallbacks_t
                0x0000000008001514       0x78 ./Core/Src/Components/sx1280/sx1280-hal.o
                0x0000000008001514                SX1280Hal::SX1280Hal(__SPI_HandleTypeDef*, GPIO_TypeDef*, unsigned short, GPIO_TypeDef*, unsigned short, GPIO_TypeDef*, unsigned short, RadioCallbacks_t*)
                0x0000000008001514                SX1280Hal::SX1280Hal(__SPI_HandleTypeDef*, GPIO_TypeDef*, unsigned short, GPIO_TypeDef*, unsigned short, GPIO_TypeDef*, unsigned short, RadioCallbacks_t*)
 .text._ZN9SX1280HalD2Ev
                0x000000000800158c       0x24 ./Core/Src/Components/sx1280/sx1280-hal.o
                0x000000000800158c                SX1280Hal::~SX1280Hal()
                0x000000000800158c                SX1280Hal::~SX1280Hal()
 .text._ZN9SX1280HalD0Ev
                0x00000000080015b0       0x20 ./Core/Src/Components/sx1280/sx1280-hal.o
                0x00000000080015b0                SX1280Hal::~SX1280Hal()
 .text._ZN9SX1280Hal9IoIrqInitEM6SX1280FvvE
                0x00000000080015d0       0x28 ./Core/Src/Components/sx1280/sx1280-hal.o
                0x00000000080015d0                SX1280Hal::IoIrqInit(void (SX1280::*)())
 .text._ZN9SX1280Hal5ResetEv
                0x00000000080015f8       0x46 ./Core/Src/Components/sx1280/sx1280-hal.o
                0x00000000080015f8                SX1280Hal::Reset()
 .text._ZN9SX1280Hal6WakeupEv
                0x000000000800163e       0x78 ./Core/Src/Components/sx1280/sx1280-hal.o
                0x000000000800163e                SX1280Hal::Wakeup()
 .text._ZN9SX1280Hal12WriteCommandE15RadioCommands_uPht
                0x00000000080016b6       0xc4 ./Core/Src/Components/sx1280/sx1280-hal.o
                0x00000000080016b6                SX1280Hal::WriteCommand(RadioCommands_u, unsigned char*, unsigned short)
 .text._ZN9SX1280Hal11ReadCommandE15RadioCommands_uPht
                0x000000000800177a       0xf2 ./Core/Src/Components/sx1280/sx1280-hal.o
                0x000000000800177a                SX1280Hal::ReadCommand(RadioCommands_u, unsigned char*, unsigned short)
 .text._ZN9SX1280Hal13WriteRegisterEtPht
                0x000000000800186c       0xd8 ./Core/Src/Components/sx1280/sx1280-hal.o
                0x000000000800186c                SX1280Hal::WriteRegister(unsigned short, unsigned char*, unsigned short)
 .text._ZN9SX1280Hal13WriteRegisterEth
                0x0000000008001944       0x2a ./Core/Src/Components/sx1280/sx1280-hal.o
                0x0000000008001944                SX1280Hal::WriteRegister(unsigned short, unsigned char)
 .text._ZN9SX1280Hal12ReadRegisterEtPht
                0x000000000800196e       0xe2 ./Core/Src/Components/sx1280/sx1280-hal.o
                0x000000000800196e                SX1280Hal::ReadRegister(unsigned short, unsigned char*, unsigned short)
 .text._ZN9SX1280Hal12ReadRegisterEt
                0x0000000008001a50       0x2a ./Core/Src/Components/sx1280/sx1280-hal.o
                0x0000000008001a50                SX1280Hal::ReadRegister(unsigned short)
 .text._ZN9SX1280Hal11WriteBufferEhPhh
                0x0000000008001a7a       0xc8 ./Core/Src/Components/sx1280/sx1280-hal.o
                0x0000000008001a7a                SX1280Hal::WriteBuffer(unsigned char, unsigned char*, unsigned char)
 .text._ZN9SX1280Hal10ReadBufferEhPhh
                0x0000000008001b42       0xd2 ./Core/Src/Components/sx1280/sx1280-hal.o
                0x0000000008001b42                SX1280Hal::ReadBuffer(unsigned char, unsigned char*, unsigned char)
 .text._ZN9SX1280Hal22SpiTransmitReceiveByteEh
                0x0000000008001c14       0x2a ./Core/Src/Components/sx1280/sx1280-hal.o
                0x0000000008001c14                SX1280Hal::SpiTransmitReceiveByte(unsigned char)
 .text._ZN9SX1280Hal20HalInterruptCallbackEv
                0x0000000008001c3e       0x62 ./Core/Src/Components/sx1280/sx1280-hal.o
                0x0000000008001c3e                SX1280Hal::HalInterruptCallback()
 .text._ZN6SX12804InitEv
                0x0000000008001ca0       0x40 ./Core/Src/Components/sx1280/sx1280.o
                0x0000000008001ca0                SX1280::Init()
 .text._ZN6SX128019SetRegistersDefaultEv
                0x0000000008001ce0       0x18 ./Core/Src/Components/sx1280/sx1280.o
                0x0000000008001ce0                SX1280::SetRegistersDefault()
 .text._ZN6SX128018GetFirmwareVersionEv
                0x0000000008001cf8       0x40 ./Core/Src/Components/sx1280/sx1280.o
                0x0000000008001cf8                SX1280::GetFirmwareVersion()
 .text._ZN6SX12809GetStatusEv
                0x0000000008001d38       0x2e ./Core/Src/Components/sx1280/sx1280.o
                0x0000000008001d38                SX1280::GetStatus()
 .text._ZN6SX12809GetOpModeEv
                0x0000000008001d66       0x1a ./Core/Src/Components/sx1280/sx1280.o
                0x0000000008001d66                SX1280::GetOpMode()
 .text._ZN6SX128010SetStandbyE19RadioStandbyModes_t
                0x0000000008001d80       0x3e ./Core/Src/Components/sx1280/sx1280.o
                0x0000000008001d80                SX1280::SetStandby(RadioStandbyModes_t)
 .text._ZN6SX12805SetTxE10TickTime_s
                0x0000000008001dbe       0x6c ./Core/Src/Components/sx1280/sx1280.o
                0x0000000008001dbe                SX1280::SetTx(TickTime_s)
 .text._ZN6SX12805SetRxE10TickTime_s
                0x0000000008001e2a       0x6c ./Core/Src/Components/sx1280/sx1280.o
                0x0000000008001e2a                SX1280::SetRx(TickTime_s)
 .text._ZN6SX128013SetPacketTypeE18RadioPacketTypes_t
                0x0000000008001e96       0x2e ./Core/Src/Components/sx1280/sx1280.o
                0x0000000008001e96                SX1280::SetPacketType(RadioPacketTypes_t)
 .text._ZN6SX128013GetPacketTypeEb
                0x0000000008001ec4       0x52 ./Core/Src/Components/sx1280/sx1280.o
                0x0000000008001ec4                SX1280::GetPacketType(bool)
 *fill*         0x0000000008001f16        0x2 
 .text._ZN6SX128014SetRfFrequencyEm
                0x0000000008001f18       0x68 ./Core/Src/Components/sx1280/sx1280.o
                0x0000000008001f18                SX1280::SetRfFrequency(unsigned long)
 .text._ZN6SX128011SetTxParamsEa16RadioRampTimes_t
                0x0000000008001f80       0x38 ./Core/Src/Components/sx1280/sx1280.o
                0x0000000008001f80                SX1280::SetTxParams(signed char, RadioRampTimes_t)
 .text._ZN6SX128022SetBufferBaseAddressesEhh
                0x0000000008001fb8       0x34 ./Core/Src/Components/sx1280/sx1280.o
                0x0000000008001fb8                SX1280::SetBufferBaseAddresses(unsigned char, unsigned char)
 .text._ZN6SX128019SetModulationParamsEP18ModulationParams_t
                0x0000000008001fec       0xf8 ./Core/Src/Components/sx1280/sx1280.o
                0x0000000008001fec                SX1280::SetModulationParams(ModulationParams_t*)
 .text._ZN6SX128015SetPacketParamsEP14PacketParams_t
                0x00000000080020e4      0x154 ./Core/Src/Components/sx1280/sx1280.o
                0x00000000080020e4                SX1280::SetPacketParams(PacketParams_t*)
 .text._ZN6SX128017GetRxBufferStatusEPhS0_
                0x0000000008002238       0xa4 ./Core/Src/Components/sx1280/sx1280.o
                0x0000000008002238                SX1280::GetRxBufferStatus(unsigned char*, unsigned char*)
 .text._ZN6SX128015SetDioIrqParamsEtttt
                0x00000000080022dc       0x76 ./Core/Src/Components/sx1280/sx1280.o
                0x00000000080022dc                SX1280::SetDioIrqParams(unsigned short, unsigned short, unsigned short, unsigned short)
 .text._ZN6SX128012GetIrqStatusEv
                0x0000000008002352       0x34 ./Core/Src/Components/sx1280/sx1280.o
                0x0000000008002352                SX1280::GetIrqStatus()
 .text._ZN6SX128014ClearIrqStatusEt
                0x0000000008002386       0x38 ./Core/Src/Components/sx1280/sx1280.o
                0x0000000008002386                SX1280::ClearIrqStatus(unsigned short)
 .text._ZN6SX128016SetRegulatorModeE21RadioRegulatorModes_t
                0x00000000080023be       0x26 ./Core/Src/Components/sx1280/sx1280.o
                0x00000000080023be                SX1280::SetRegulatorMode(RadioRegulatorModes_t)
 .text._ZN6SX128010SetPayloadEPhhh
                0x00000000080023e4       0x30 ./Core/Src/Components/sx1280/sx1280.o
                0x00000000080023e4                SX1280::SetPayload(unsigned char*, unsigned char, unsigned char)
 .text._ZN6SX128010GetPayloadEPhS0_h
                0x0000000008002414       0x48 ./Core/Src/Components/sx1280/sx1280.o
                0x0000000008002414                SX1280::GetPayload(unsigned char*, unsigned char*, unsigned char)
 .text._ZN6SX128011SendPayloadEPhh10TickTime_sh
                0x000000000800245c       0x2c ./Core/Src/Components/sx1280/sx1280.o
                0x000000000800245c                SX1280::SendPayload(unsigned char*, unsigned char, TickTime_s, unsigned char)
 .text._ZN6SX128014SetRangingRoleE19RadioRangingRoles_t
                0x0000000008002488       0x2c ./Core/Src/Components/sx1280/sx1280.o
                0x0000000008002488                SX1280::SetRangingRole(RadioRangingRoles_t)
 .text._ZN6SX128014SetPollingModeEv
                0x00000000080024b4       0x1c ./Core/Src/Components/sx1280/sx1280.o
                0x00000000080024b4                SX1280::SetPollingMode()
 .text._ZN6SX12808OnDioIrqEv
                0x00000000080024d0       0x2a ./Core/Src/Components/sx1280/sx1280.o
                0x00000000080024d0                SX1280::OnDioIrq()
 *fill*         0x00000000080024fa        0x2 
 .text._ZN6SX128011ProcessIrqsEv
                0x00000000080024fc      0x3b0 ./Core/Src/Components/sx1280/sx1280.o
                0x00000000080024fc                SX1280::ProcessIrqs()
 .text.main     0x00000000080028ac       0x36 ./Core/Src/main.o
                0x00000000080028ac                main
 *fill*         0x00000000080028e2        0x2 
 .text.SystemClock_Config
                0x00000000080028e4       0xd4 ./Core/Src/main.o
                0x00000000080028e4                SystemClock_Config
 .text.MX_I2C1_Init
                0x00000000080029b8       0x5c ./Core/Src/main.o
 .text.MX_I2S3_Init
                0x0000000008002a14       0x60 ./Core/Src/main.o
 .text.MX_SPI1_Init
                0x0000000008002a74       0x6c ./Core/Src/main.o
 .text.MX_SPI2_Init
                0x0000000008002ae0       0x6c ./Core/Src/main.o
 .text.MX_TIM6_Init
                0x0000000008002b4c       0x6c ./Core/Src/main.o
 .text.MX_USART2_UART_Init
                0x0000000008002bb8       0x54 ./Core/Src/main.o
 .text.MX_DMA_Init
                0x0000000008002c0c       0x60 ./Core/Src/main.o
 .text.MX_GPIO_Init
                0x0000000008002c6c      0x27c ./Core/Src/main.o
 .text.Error_Handler
                0x0000000008002ee8        0xa ./Core/Src/main.o
                0x0000000008002ee8                Error_Handler
 *fill*         0x0000000008002ef2        0x2 
 .text.HAL_MspInit
                0x0000000008002ef4       0x50 ./Core/Src/stm32f4xx_hal_msp.o
                0x0000000008002ef4                HAL_MspInit
 .text.HAL_I2C_MspInit
                0x0000000008002f44       0x90 ./Core/Src/stm32f4xx_hal_msp.o
                0x0000000008002f44                HAL_I2C_MspInit
 .text.HAL_I2S_MspInit
                0x0000000008002fd4      0x100 ./Core/Src/stm32f4xx_hal_msp.o
                0x0000000008002fd4                HAL_I2S_MspInit
 .text.HAL_SPI_MspInit
                0x00000000080030d4      0x1d4 ./Core/Src/stm32f4xx_hal_msp.o
                0x00000000080030d4                HAL_SPI_MspInit
 .text.HAL_TIM_Base_MspInit
                0x00000000080032a8       0x44 ./Core/Src/stm32f4xx_hal_msp.o
                0x00000000080032a8                HAL_TIM_Base_MspInit
 .text.HAL_UART_MspInit
                0x00000000080032ec      0x104 ./Core/Src/stm32f4xx_hal_msp.o
                0x00000000080032ec                HAL_UART_MspInit
 .text.NMI_Handler
                0x00000000080033f0        0x6 ./Core/Src/stm32f4xx_it.o
                0x00000000080033f0                NMI_Handler
 .text.HardFault_Handler
                0x00000000080033f6        0x6 ./Core/Src/stm32f4xx_it.o
                0x00000000080033f6                HardFault_Handler
 .text.MemManage_Handler
                0x00000000080033fc        0x6 ./Core/Src/stm32f4xx_it.o
                0x00000000080033fc                MemManage_Handler
 .text.BusFault_Handler
                0x0000000008003402        0x6 ./Core/Src/stm32f4xx_it.o
                0x0000000008003402                BusFault_Handler
 .text.UsageFault_Handler
                0x0000000008003408        0x6 ./Core/Src/stm32f4xx_it.o
                0x0000000008003408                UsageFault_Handler
 .text.SVC_Handler
                0x000000000800340e        0xe ./Core/Src/stm32f4xx_it.o
                0x000000000800340e                SVC_Handler
 .text.DebugMon_Handler
                0x000000000800341c        0xe ./Core/Src/stm32f4xx_it.o
                0x000000000800341c                DebugMon_Handler
 .text.PendSV_Handler
                0x000000000800342a        0xe ./Core/Src/stm32f4xx_it.o
                0x000000000800342a                PendSV_Handler
 .text.SysTick_Handler
                0x0000000008003438        0xc ./Core/Src/stm32f4xx_it.o
                0x0000000008003438                SysTick_Handler
 .text.DMA1_Stream3_IRQHandler
                0x0000000008003444       0x14 ./Core/Src/stm32f4xx_it.o
                0x0000000008003444                DMA1_Stream3_IRQHandler
 .text.DMA1_Stream4_IRQHandler
                0x0000000008003458       0x14 ./Core/Src/stm32f4xx_it.o
                0x0000000008003458                DMA1_Stream4_IRQHandler
 .text.DMA1_Stream6_IRQHandler
                0x000000000800346c       0x14 ./Core/Src/stm32f4xx_it.o
                0x000000000800346c                DMA1_Stream6_IRQHandler
 .text.EXTI9_5_IRQHandler
                0x0000000008003480       0x10 ./Core/Src/stm32f4xx_it.o
                0x0000000008003480                EXTI9_5_IRQHandler
 .text.SPI2_IRQHandler
                0x0000000008003490       0x14 ./Core/Src/stm32f4xx_it.o
                0x0000000008003490                SPI2_IRQHandler
 .text.USART2_IRQHandler
                0x00000000080034a4       0x14 ./Core/Src/stm32f4xx_it.o
                0x00000000080034a4                USART2_IRQHandler
 .text.OTG_FS_IRQHandler
                0x00000000080034b8       0x14 ./Core/Src/stm32f4xx_it.o
                0x00000000080034b8                OTG_FS_IRQHandler
 .text._getpid  0x00000000080034cc       0x10 ./Core/Src/syscalls.o
                0x00000000080034cc                _getpid
 .text._kill    0x00000000080034dc       0x20 ./Core/Src/syscalls.o
                0x00000000080034dc                _kill
 .text._exit    0x00000000080034fc       0x14 ./Core/Src/syscalls.o
                0x00000000080034fc                _exit
 .text._sbrk    0x0000000008003510       0x6c ./Core/Src/sysmem.o
                0x0000000008003510                _sbrk
 .text.SystemInit
                0x000000000800357c       0x24 ./Core/Src/system_stm32f4xx.o
                0x000000000800357c                SystemInit
 .text.Reset_Handler
                0x00000000080035a0       0x50 ./Core/Startup/startup_stm32f407vgtx.o
                0x00000000080035a0                Reset_Handler
 .text.Default_Handler
                0x00000000080035f0        0x2 ./Core/Startup/startup_stm32f407vgtx.o
                0x00000000080035f0                RTC_Alarm_IRQHandler
                0x00000000080035f0                HASH_RNG_IRQHandler
                0x00000000080035f0                EXTI2_IRQHandler
                0x00000000080035f0                TIM8_CC_IRQHandler
                0x00000000080035f0                TIM1_CC_IRQHandler
                0x00000000080035f0                DMA2_Stream5_IRQHandler
                0x00000000080035f0                DMA1_Stream5_IRQHandler
                0x00000000080035f0                PVD_IRQHandler
                0x00000000080035f0                SDIO_IRQHandler
                0x00000000080035f0                TAMP_STAMP_IRQHandler
                0x00000000080035f0                CAN2_RX1_IRQHandler
                0x00000000080035f0                EXTI3_IRQHandler
                0x00000000080035f0                TIM8_TRG_COM_TIM14_IRQHandler
                0x00000000080035f0                TIM1_UP_TIM10_IRQHandler
                0x00000000080035f0                TIM8_UP_TIM13_IRQHandler
                0x00000000080035f0                I2C3_ER_IRQHandler
                0x00000000080035f0                EXTI0_IRQHandler
                0x00000000080035f0                I2C2_EV_IRQHandler
                0x00000000080035f0                DMA1_Stream2_IRQHandler
                0x00000000080035f0                CAN1_RX0_IRQHandler
                0x00000000080035f0                FPU_IRQHandler
                0x00000000080035f0                OTG_HS_WKUP_IRQHandler
                0x00000000080035f0                CAN2_SCE_IRQHandler
                0x00000000080035f0                DMA2_Stream2_IRQHandler
                0x00000000080035f0                SPI1_IRQHandler
                0x00000000080035f0                TIM6_DAC_IRQHandler
                0x00000000080035f0                TIM1_BRK_TIM9_IRQHandler
                0x00000000080035f0                DCMI_IRQHandler
                0x00000000080035f0                CAN2_RX0_IRQHandler
                0x00000000080035f0                DMA2_Stream3_IRQHandler
                0x00000000080035f0                USART6_IRQHandler
                0x00000000080035f0                USART3_IRQHandler
                0x00000000080035f0                CAN1_RX1_IRQHandler
                0x00000000080035f0                UART5_IRQHandler
                0x00000000080035f0                DMA2_Stream0_IRQHandler
                0x00000000080035f0                TIM4_IRQHandler
                0x00000000080035f0                I2C1_EV_IRQHandler
                0x00000000080035f0                DMA1_Stream1_IRQHandler
                0x00000000080035f0                UART4_IRQHandler
                0x00000000080035f0                TIM3_IRQHandler
                0x00000000080035f0                RCC_IRQHandler
                0x00000000080035f0                TIM8_BRK_TIM12_IRQHandler
                0x00000000080035f0                Default_Handler
                0x00000000080035f0                EXTI15_10_IRQHandler
                0x00000000080035f0                ADC_IRQHandler
                0x00000000080035f0                DMA1_Stream7_IRQHandler
                0x00000000080035f0                TIM7_IRQHandler
                0x00000000080035f0                CAN2_TX_IRQHandler
                0x00000000080035f0                TIM5_IRQHandler
                0x00000000080035f0                DMA2_Stream7_IRQHandler
                0x00000000080035f0                I2C3_EV_IRQHandler
                0x00000000080035f0                RTC_WKUP_IRQHandler
                0x00000000080035f0                ETH_WKUP_IRQHandler
                0x00000000080035f0                OTG_HS_EP1_IN_IRQHandler
                0x00000000080035f0                DMA1_Stream0_IRQHandler
                0x00000000080035f0                CAN1_TX_IRQHandler
                0x00000000080035f0                EXTI4_IRQHandler
                0x00000000080035f0                FSMC_IRQHandler
                0x00000000080035f0                ETH_IRQHandler
                0x00000000080035f0                OTG_HS_EP1_OUT_IRQHandler
                0x00000000080035f0                WWDG_IRQHandler
                0x00000000080035f0                TIM2_IRQHandler
                0x00000000080035f0                OTG_FS_WKUP_IRQHandler
                0x00000000080035f0                TIM1_TRG_COM_TIM11_IRQHandler
                0x00000000080035f0                OTG_HS_IRQHandler
                0x00000000080035f0                EXTI1_IRQHandler
                0x00000000080035f0                I2C2_ER_IRQHandler
                0x00000000080035f0                DMA2_Stream1_IRQHandler
                0x00000000080035f0                CAN1_SCE_IRQHandler
                0x00000000080035f0                FLASH_IRQHandler
                0x00000000080035f0                DMA2_Stream4_IRQHandler
                0x00000000080035f0                USART1_IRQHandler
                0x00000000080035f0                SPI3_IRQHandler
                0x00000000080035f0                I2C1_ER_IRQHandler
                0x00000000080035f0                DMA2_Stream6_IRQHandler
 *fill*         0x00000000080035f2        0x2 
 .text.HAL_Init
                0x00000000080035f4       0x44 ./Drivers/STM32F4xx_HAL_Driver/Src/stm32f4xx_hal.o
                0x00000000080035f4                HAL_Init
 .text.HAL_InitTick
                0x0000000008003638       0x60 ./Drivers/STM32F4xx_HAL_Driver/Src/stm32f4xx_hal.o
                0x0000000008003638                HAL_InitTick
 .text.HAL_IncTick
                0x0000000008003698       0x28 ./Drivers/STM32F4xx_HAL_Driver/Src/stm32f4xx_hal.o
                0x0000000008003698                HAL_IncTick
 .text.HAL_GetTick
                0x00000000080036c0       0x18 ./Drivers/STM32F4xx_HAL_Driver/Src/stm32f4xx_hal.o
                0x00000000080036c0                HAL_GetTick
 .text.HAL_Delay
                0x00000000080036d8       0x48 ./Drivers/STM32F4xx_HAL_Driver/Src/stm32f4xx_hal.o
                0x00000000080036d8                HAL_Delay
 .text.__NVIC_SetPriorityGrouping
                0x0000000008003720       0x48 ./Drivers/STM32F4xx_HAL_Driver/Src/stm32f4xx_hal_cortex.o
 .text.__NVIC_GetPriorityGrouping
                0x0000000008003768       0x1c ./Drivers/STM32F4xx_HAL_Driver/Src/stm32f4xx_hal_cortex.o
 .text.__NVIC_EnableIRQ
                0x0000000008003784       0x3c ./Drivers/STM32F4xx_HAL_Driver/Src/stm32f4xx_hal_cortex.o
 .text.__NVIC_SetPriority
                0x00000000080037c0       0x54 ./Drivers/STM32F4xx_HAL_Driver/Src/stm32f4xx_hal_cortex.o
 .text.NVIC_EncodePriority
                0x0000000008003814       0x66 ./Drivers/STM32F4xx_HAL_Driver/Src/stm32f4xx_hal_cortex.o
 *fill*         0x000000000800387a        0x2 
 .text.SysTick_Config
                0x000000000800387c       0x44 ./Drivers/STM32F4xx_HAL_Driver/Src/stm32f4xx_hal_cortex.o
 .text.HAL_NVIC_SetPriorityGrouping
                0x00000000080038c0       0x16 ./Drivers/STM32F4xx_HAL_Driver/Src/stm32f4xx_hal_cortex.o
                0x00000000080038c0                HAL_NVIC_SetPriorityGrouping
 .text.HAL_NVIC_SetPriority
                0x00000000080038d6       0x38 ./Drivers/STM32F4xx_HAL_Driver/Src/stm32f4xx_hal_cortex.o
                0x00000000080038d6                HAL_NVIC_SetPriority
 .text.HAL_NVIC_EnableIRQ
                0x000000000800390e       0x1c ./Drivers/STM32F4xx_HAL_Driver/Src/stm32f4xx_hal_cortex.o
                0x000000000800390e                HAL_NVIC_EnableIRQ
 .text.HAL_SYSTICK_Config
                0x000000000800392a       0x18 ./Drivers/STM32F4xx_HAL_Driver/Src/stm32f4xx_hal_cortex.o
                0x000000000800392a                HAL_SYSTICK_Config
 *fill*         0x0000000008003942        0x2 
 .text.HAL_DMA_Init
                0x0000000008003944      0x15c ./Drivers/STM32F4xx_HAL_Driver/Src/stm32f4xx_hal_dma.o
                0x0000000008003944                HAL_DMA_Init
 .text.HAL_DMA_Start_IT
                0x0000000008003aa0       0xb0 ./Drivers/STM32F4xx_HAL_Driver/Src/stm32f4xx_hal_dma.o
                0x0000000008003aa0                HAL_DMA_Start_IT
 .text.HAL_DMA_Abort
                0x0000000008003b50       0xe0 ./Drivers/STM32F4xx_HAL_Driver/Src/stm32f4xx_hal_dma.o
                0x0000000008003b50                HAL_DMA_Abort
 .text.HAL_DMA_Abort_IT
                0x0000000008003c30       0x44 ./Drivers/STM32F4xx_HAL_Driver/Src/stm32f4xx_hal_dma.o
                0x0000000008003c30                HAL_DMA_Abort_IT
 .text.HAL_DMA_IRQHandler
                0x0000000008003c74      0x314 ./Drivers/STM32F4xx_HAL_Driver/Src/stm32f4xx_hal_dma.o
                0x0000000008003c74                HAL_DMA_IRQHandler
 .text.DMA_SetConfig
                0x0000000008003f88       0x5c ./Drivers/STM32F4xx_HAL_Driver/Src/stm32f4xx_hal_dma.o
 .text.DMA_CalcBaseAndBitshift
                0x0000000008003fe4       0x6c ./Drivers/STM32F4xx_HAL_Driver/Src/stm32f4xx_hal_dma.o
 .text.DMA_CheckFifoParam
                0x0000000008004050       0xf8 ./Drivers/STM32F4xx_HAL_Driver/Src/stm32f4xx_hal_dma.o
 .text.HAL_GPIO_Init
                0x0000000008004148      0x338 ./Drivers/STM32F4xx_HAL_Driver/Src/stm32f4xx_hal_gpio.o
                0x0000000008004148                HAL_GPIO_Init
 .text.HAL_GPIO_ReadPin
                0x0000000008004480       0x30 ./Drivers/STM32F4xx_HAL_Driver/Src/stm32f4xx_hal_gpio.o
                0x0000000008004480                HAL_GPIO_ReadPin
 .text.HAL_GPIO_WritePin
                0x00000000080044b0       0x32 ./Drivers/STM32F4xx_HAL_Driver/Src/stm32f4xx_hal_gpio.o
                0x00000000080044b0                HAL_GPIO_WritePin
 *fill*         0x00000000080044e2        0x2 
 .text.HAL_GPIO_EXTI_IRQHandler
                0x00000000080044e4       0x30 ./Drivers/STM32F4xx_HAL_Driver/Src/stm32f4xx_hal_gpio.o
                0x00000000080044e4                HAL_GPIO_EXTI_IRQHandler
 .text.HAL_I2C_Init
                0x0000000008004514      0x288 ./Drivers/STM32F4xx_HAL_Driver/Src/stm32f4xx_hal_i2c.o
                0x0000000008004514                HAL_I2C_Init
 .text.HAL_I2S_Init
                0x000000000800479c      0x280 ./Drivers/STM32F4xx_HAL_Driver/Src/stm32f4xx_hal_i2s.o
                0x000000000800479c                HAL_I2S_Init
 .text.HAL_I2S_TxCpltCallback
                0x0000000008004a1c       0x14 ./Drivers/STM32F4xx_HAL_Driver/Src/stm32f4xx_hal_i2s.o
                0x0000000008004a1c                HAL_I2S_TxCpltCallback
 .text.HAL_I2S_RxCpltCallback
                0x0000000008004a30       0x14 ./Drivers/STM32F4xx_HAL_Driver/Src/stm32f4xx_hal_i2s.o
                0x0000000008004a30                HAL_I2S_RxCpltCallback
 .text.HAL_I2S_ErrorCallback
                0x0000000008004a44       0x14 ./Drivers/STM32F4xx_HAL_Driver/Src/stm32f4xx_hal_i2s.o
                0x0000000008004a44                HAL_I2S_ErrorCallback
 .text.I2S_Transmit_IT
                0x0000000008004a58       0x5c ./Drivers/STM32F4xx_HAL_Driver/Src/stm32f4xx_hal_i2s.o
 .text.I2S_Receive_IT
                0x0000000008004ab4       0x5e ./Drivers/STM32F4xx_HAL_Driver/Src/stm32f4xx_hal_i2s.o
 .text.I2S_IRQHandler
                0x0000000008004b12      0x114 ./Drivers/STM32F4xx_HAL_Driver/Src/stm32f4xx_hal_i2s.o
 *fill*         0x0000000008004c26        0x2 
 .text.HAL_I2SEx_FullDuplex_IRQHandler
                0x0000000008004c28      0x2a8 ./Drivers/STM32F4xx_HAL_Driver/Src/stm32f4xx_hal_i2s_ex.o
                0x0000000008004c28                HAL_I2SEx_FullDuplex_IRQHandler
 .text.HAL_I2SEx_TxRxCpltCallback
                0x0000000008004ed0       0x14 ./Drivers/STM32F4xx_HAL_Driver/Src/stm32f4xx_hal_i2s_ex.o
                0x0000000008004ed0                HAL_I2SEx_TxRxCpltCallback
 .text.I2SEx_TxISR_I2S
                0x0000000008004ee4       0x62 ./Drivers/STM32F4xx_HAL_Driver/Src/stm32f4xx_hal_i2s_ex.o
 *fill*         0x0000000008004f46        0x2 
 .text.I2SEx_TxISR_I2SExt
                0x0000000008004f48       0x98 ./Drivers/STM32F4xx_HAL_Driver/Src/stm32f4xx_hal_i2s_ex.o
 .text.I2SEx_RxISR_I2S
                0x0000000008004fe0       0x64 ./Drivers/STM32F4xx_HAL_Driver/Src/stm32f4xx_hal_i2s_ex.o
 .text.I2SEx_RxISR_I2SExt
                0x0000000008005044       0x98 ./Drivers/STM32F4xx_HAL_Driver/Src/stm32f4xx_hal_i2s_ex.o
 .text.HAL_PCD_Init
                0x00000000080050dc      0x23a ./Drivers/STM32F4xx_HAL_Driver/Src/stm32f4xx_hal_pcd.o
                0x00000000080050dc                HAL_PCD_Init
 .text.HAL_PCD_Start
                0x0000000008005316       0x66 ./Drivers/STM32F4xx_HAL_Driver/Src/stm32f4xx_hal_pcd.o
                0x0000000008005316                HAL_PCD_Start
 .text.HAL_PCD_IRQHandler
                0x000000000800537c      0x93e ./Drivers/STM32F4xx_HAL_Driver/Src/stm32f4xx_hal_pcd.o
                0x000000000800537c                HAL_PCD_IRQHandler
 .text.HAL_PCD_SetAddress
                0x0000000008005cba       0x4a ./Drivers/STM32F4xx_HAL_Driver/Src/stm32f4xx_hal_pcd.o
                0x0000000008005cba                HAL_PCD_SetAddress
 .text.HAL_PCD_EP_Open
                0x0000000008005d04       0xd0 ./Drivers/STM32F4xx_HAL_Driver/Src/stm32f4xx_hal_pcd.o
                0x0000000008005d04                HAL_PCD_EP_Open
 .text.HAL_PCD_EP_Close
                0x0000000008005dd4       0x94 ./Drivers/STM32F4xx_HAL_Driver/Src/stm32f4xx_hal_pcd.o
                0x0000000008005dd4                HAL_PCD_EP_Close
 .text.HAL_PCD_EP_Receive
                0x0000000008005e68       0x96 ./Drivers/STM32F4xx_HAL_Driver/Src/stm32f4xx_hal_pcd.o
                0x0000000008005e68                HAL_PCD_EP_Receive
 .text.HAL_PCD_EP_GetRxCount
                0x0000000008005efe       0x30 ./Drivers/STM32F4xx_HAL_Driver/Src/stm32f4xx_hal_pcd.o
                0x0000000008005efe                HAL_PCD_EP_GetRxCount
 .text.HAL_PCD_EP_Transmit
                0x0000000008005f2e       0x94 ./Drivers/STM32F4xx_HAL_Driver/Src/stm32f4xx_hal_pcd.o
                0x0000000008005f2e                HAL_PCD_EP_Transmit
 .text.HAL_PCD_EP_SetStall
                0x0000000008005fc2       0xc8 ./Drivers/STM32F4xx_HAL_Driver/Src/stm32f4xx_hal_pcd.o
                0x0000000008005fc2                HAL_PCD_EP_SetStall
 .text.HAL_PCD_EP_ClrStall
                0x000000000800608a       0xac ./Drivers/STM32F4xx_HAL_Driver/Src/stm32f4xx_hal_pcd.o
                0x000000000800608a                HAL_PCD_EP_ClrStall
 .text.HAL_PCD_EP_Abort
                0x0000000008006136       0x62 ./Drivers/STM32F4xx_HAL_Driver/Src/stm32f4xx_hal_pcd.o
                0x0000000008006136                HAL_PCD_EP_Abort
 .text.PCD_WriteEmptyTxFifo
                0x0000000008006198      0x11a ./Drivers/STM32F4xx_HAL_Driver/Src/stm32f4xx_hal_pcd.o
 *fill*         0x00000000080062b2        0x2 
 .text.PCD_EP_OutXfrComplete_int
                0x00000000080062b4      0x1d0 ./Drivers/STM32F4xx_HAL_Driver/Src/stm32f4xx_hal_pcd.o
 .text.PCD_EP_OutSetupPacket_int
                0x0000000008006484       0x8c ./Drivers/STM32F4xx_HAL_Driver/Src/stm32f4xx_hal_pcd.o
 .text.HAL_PCDEx_SetTxFiFo
                0x0000000008006510       0x8e ./Drivers/STM32F4xx_HAL_Driver/Src/stm32f4xx_hal_pcd_ex.o
                0x0000000008006510                HAL_PCDEx_SetTxFiFo
 .text.HAL_PCDEx_SetRxFiFo
                0x000000000800659e       0x22 ./Drivers/STM32F4xx_HAL_Driver/Src/stm32f4xx_hal_pcd_ex.o
                0x000000000800659e                HAL_PCDEx_SetRxFiFo
 .text.HAL_PCDEx_LPM_Callback
                0x00000000080065c0       0x18 ./Drivers/STM32F4xx_HAL_Driver/Src/stm32f4xx_hal_pcd_ex.o
                0x00000000080065c0                HAL_PCDEx_LPM_Callback
 .text.HAL_RCC_OscConfig
                0x00000000080065d8      0x4f0 ./Drivers/STM32F4xx_HAL_Driver/Src/stm32f4xx_hal_rcc.o
                0x00000000080065d8                HAL_RCC_OscConfig
 .text.HAL_RCC_ClockConfig
                0x0000000008006ac8      0x1cc ./Drivers/STM32F4xx_HAL_Driver/Src/stm32f4xx_hal_rcc.o
                0x0000000008006ac8                HAL_RCC_ClockConfig
 .text.HAL_RCC_GetSysClockFreq
                0x0000000008006c94      0x20c ./Drivers/STM32F4xx_HAL_Driver/Src/stm32f4xx_hal_rcc.o
                0x0000000008006c94                HAL_RCC_GetSysClockFreq
 .text.HAL_RCC_GetHCLKFreq
                0x0000000008006ea0       0x18 ./Drivers/STM32F4xx_HAL_Driver/Src/stm32f4xx_hal_rcc.o
                0x0000000008006ea0                HAL_RCC_GetHCLKFreq
 .text.HAL_RCC_GetPCLK1Freq
                0x0000000008006eb8       0x28 ./Drivers/STM32F4xx_HAL_Driver/Src/stm32f4xx_hal_rcc.o
                0x0000000008006eb8                HAL_RCC_GetPCLK1Freq
 .text.HAL_RCC_GetPCLK2Freq
                0x0000000008006ee0       0x28 ./Drivers/STM32F4xx_HAL_Driver/Src/stm32f4xx_hal_rcc.o
                0x0000000008006ee0                HAL_RCC_GetPCLK2Freq
 .text.HAL_RCCEx_PeriphCLKConfig
                0x0000000008006f08      0x1c4 ./Drivers/STM32F4xx_HAL_Driver/Src/stm32f4xx_hal_rcc_ex.o
                0x0000000008006f08                HAL_RCCEx_PeriphCLKConfig
 .text.HAL_RCCEx_GetPeriphCLKFreq
                0x00000000080070cc       0xbc ./Drivers/STM32F4xx_HAL_Driver/Src/stm32f4xx_hal_rcc_ex.o
                0x00000000080070cc                HAL_RCCEx_GetPeriphCLKFreq
 .text.HAL_SPI_Init
                0x0000000008007188      0x112 ./Drivers/STM32F4xx_HAL_Driver/Src/stm32f4xx_hal_spi.o
                0x0000000008007188                HAL_SPI_Init
 .text.HAL_SPI_TransmitReceive
                0x000000000800729a      0x344 ./Drivers/STM32F4xx_HAL_Driver/Src/stm32f4xx_hal_spi.o
                0x000000000800729a                HAL_SPI_TransmitReceive
 *fill*         0x00000000080075de        0x2 
 .text.HAL_SPI_IRQHandler
                0x00000000080075e0      0x200 ./Drivers/STM32F4xx_HAL_Driver/Src/stm32f4xx_hal_spi.o
                0x00000000080075e0                HAL_SPI_IRQHandler
 .text.HAL_SPI_ErrorCallback
                0x00000000080077e0       0x14 ./Drivers/STM32F4xx_HAL_Driver/Src/stm32f4xx_hal_spi.o
                0x00000000080077e0                HAL_SPI_ErrorCallback
 .text.SPI_DMAAbortOnError
                0x00000000080077f4       0x28 ./Drivers/STM32F4xx_HAL_Driver/Src/stm32f4xx_hal_spi.o
 .text.SPI_WaitFlagStateUntilTimeout
                0x000000000800781c      0x110 ./Drivers/STM32F4xx_HAL_Driver/Src/stm32f4xx_hal_spi.o
 .text.SPI_EndRxTxTransaction
                0x000000000800792c       0x84 ./Drivers/STM32F4xx_HAL_Driver/Src/stm32f4xx_hal_spi.o
 .text.HAL_TIM_Base_Init
                0x00000000080079b0       0x9e ./Drivers/STM32F4xx_HAL_Driver/Src/stm32f4xx_hal_tim.o
                0x00000000080079b0                HAL_TIM_Base_Init
 *fill*         0x0000000008007a4e        0x2 
 .text.HAL_TIM_Base_Start
                0x0000000008007a50       0xd0 ./Drivers/STM32F4xx_HAL_Driver/Src/stm32f4xx_hal_tim.o
                0x0000000008007a50                HAL_TIM_Base_Start
 .text.TIM_Base_SetConfig
                0x0000000008007b20      0x140 ./Drivers/STM32F4xx_HAL_Driver/Src/stm32f4xx_hal_tim.o
                0x0000000008007b20                TIM_Base_SetConfig
 .text.HAL_TIMEx_MasterConfigSynchronization
                0x0000000008007c60       0xf8 ./Drivers/STM32F4xx_HAL_Driver/Src/stm32f4xx_hal_tim_ex.o
                0x0000000008007c60                HAL_TIMEx_MasterConfigSynchronization
 .text.HAL_UART_Init
                0x0000000008007d58       0x9a ./Drivers/STM32F4xx_HAL_Driver/Src/stm32f4xx_hal_uart.o
                0x0000000008007d58                HAL_UART_Init
 *fill*         0x0000000008007df2        0x2 
 .text.HAL_UART_Transmit_DMA
                0x0000000008007df4       0xfc ./Drivers/STM32F4xx_HAL_Driver/Src/stm32f4xx_hal_uart.o
                0x0000000008007df4                HAL_UART_Transmit_DMA
 .text.HAL_UART_IRQHandler
                0x0000000008007ef0      0x51c ./Drivers/STM32F4xx_HAL_Driver/Src/stm32f4xx_hal_uart.o
                0x0000000008007ef0                HAL_UART_IRQHandler
 .text.HAL_UART_TxHalfCpltCallback
                0x000000000800840c       0x14 ./Drivers/STM32F4xx_HAL_Driver/Src/stm32f4xx_hal_uart.o
                0x000000000800840c                HAL_UART_TxHalfCpltCallback
 .text.HAL_UART_RxCpltCallback
                0x0000000008008420       0x14 ./Drivers/STM32F4xx_HAL_Driver/Src/stm32f4xx_hal_uart.o
                0x0000000008008420                HAL_UART_RxCpltCallback
 .text.HAL_UART_ErrorCallback
                0x0000000008008434       0x14 ./Drivers/STM32F4xx_HAL_Driver/Src/stm32f4xx_hal_uart.o
                0x0000000008008434                HAL_UART_ErrorCallback
 .text.HAL_UARTEx_RxEventCallback
                0x0000000008008448       0x18 ./Drivers/STM32F4xx_HAL_Driver/Src/stm32f4xx_hal_uart.o
                0x0000000008008448                HAL_UARTEx_RxEventCallback
 .text.UART_DMATransmitCplt
                0x0000000008008460       0x9a ./Drivers/STM32F4xx_HAL_Driver/Src/stm32f4xx_hal_uart.o
 .text.UART_DMATxHalfCplt
                0x00000000080084fa       0x1c ./Drivers/STM32F4xx_HAL_Driver/Src/stm32f4xx_hal_uart.o
 .text.UART_DMAError
                0x0000000008008516       0x94 ./Drivers/STM32F4xx_HAL_Driver/Src/stm32f4xx_hal_uart.o
 .text.UART_EndTxTransfer
                0x00000000080085aa       0x50 ./Drivers/STM32F4xx_HAL_Driver/Src/stm32f4xx_hal_uart.o
 .text.UART_EndRxTransfer
                0x00000000080085fa       0xc6 ./Drivers/STM32F4xx_HAL_Driver/Src/stm32f4xx_hal_uart.o
 .text.UART_DMAAbortOnError
                0x00000000080086c0       0x28 ./Drivers/STM32F4xx_HAL_Driver/Src/stm32f4xx_hal_uart.o
 .text.UART_Transmit_IT
                0x00000000080086e8       0xa0 ./Drivers/STM32F4xx_HAL_Driver/Src/stm32f4xx_hal_uart.o
 .text.UART_EndTransmit_IT
                0x0000000008008788       0x30 ./Drivers/STM32F4xx_HAL_Driver/Src/stm32f4xx_hal_uart.o
 .text.UART_Receive_IT
                0x00000000080087b8      0x176 ./Drivers/STM32F4xx_HAL_Driver/Src/stm32f4xx_hal_uart.o
 *fill*         0x000000000800892e        0x2 
 .text.UART_SetConfig
                0x0000000008008930      0x4e8 ./Drivers/STM32F4xx_HAL_Driver/Src/stm32f4xx_hal_uart.o
 .text.USB_CoreInit
                0x0000000008008e18       0xc2 ./Drivers/STM32F4xx_HAL_Driver/Src/stm32f4xx_ll_usb.o
                0x0000000008008e18                USB_CoreInit
 *fill*         0x0000000008008eda        0x2 
 .text.USB_SetTurnaroundTime
                0x0000000008008edc      0x144 ./Drivers/STM32F4xx_HAL_Driver/Src/stm32f4xx_ll_usb.o
                0x0000000008008edc                USB_SetTurnaroundTime
 .text.USB_EnableGlobalInt
                0x0000000008009020       0x22 ./Drivers/STM32F4xx_HAL_Driver/Src/stm32f4xx_ll_usb.o
                0x0000000008009020                USB_EnableGlobalInt
 .text.USB_DisableGlobalInt
                0x0000000008009042       0x22 ./Drivers/STM32F4xx_HAL_Driver/Src/stm32f4xx_ll_usb.o
                0x0000000008009042                USB_DisableGlobalInt
 .text.USB_SetCurrentMode
                0x0000000008009064       0x98 ./Drivers/STM32F4xx_HAL_Driver/Src/stm32f4xx_ll_usb.o
                0x0000000008009064                USB_SetCurrentMode
 .text.USB_DevInit
                0x00000000080090fc      0x2c8 ./Drivers/STM32F4xx_HAL_Driver/Src/stm32f4xx_ll_usb.o
                0x00000000080090fc                USB_DevInit
 .text.USB_FlushTxFifo
                0x00000000080093c4       0x68 ./Drivers/STM32F4xx_HAL_Driver/Src/stm32f4xx_ll_usb.o
                0x00000000080093c4                USB_FlushTxFifo
 .text.USB_FlushRxFifo
                0x000000000800942c       0x60 ./Drivers/STM32F4xx_HAL_Driver/Src/stm32f4xx_ll_usb.o
                0x000000000800942c                USB_FlushRxFifo
 .text.USB_SetDevSpeed
                0x000000000800948c       0x32 ./Drivers/STM32F4xx_HAL_Driver/Src/stm32f4xx_ll_usb.o
                0x000000000800948c                USB_SetDevSpeed
 .text.USB_GetDevSpeed
                0x00000000080094be       0x4a ./Drivers/STM32F4xx_HAL_Driver/Src/stm32f4xx_ll_usb.o
                0x00000000080094be                USB_GetDevSpeed
 .text.USB_ActivateEndpoint
                0x0000000008009508      0x10e ./Drivers/STM32F4xx_HAL_Driver/Src/stm32f4xx_ll_usb.o
                0x0000000008009508                USB_ActivateEndpoint
 *fill*         0x0000000008009616        0x2 
 .text.USB_DeactivateEndpoint
                0x0000000008009618      0x1b8 ./Drivers/STM32F4xx_HAL_Driver/Src/stm32f4xx_ll_usb.o
                0x0000000008009618                USB_DeactivateEndpoint
 .text.USB_EPStartXfer
                0x00000000080097d0      0x490 ./Drivers/STM32F4xx_HAL_Driver/Src/stm32f4xx_ll_usb.o
                0x00000000080097d0                USB_EPStartXfer
 .text.USB_EP0StartXfer
                0x0000000008009c60      0x2b0 ./Drivers/STM32F4xx_HAL_Driver/Src/stm32f4xx_ll_usb.o
                0x0000000008009c60                USB_EP0StartXfer
 .text.USB_EPStopXfer
                0x0000000008009f10      0x154 ./Drivers/STM32F4xx_HAL_Driver/Src/stm32f4xx_ll_usb.o
                0x0000000008009f10                USB_EPStopXfer
 .text.USB_WritePacket
                0x000000000800a064       0x7c ./Drivers/STM32F4xx_HAL_Driver/Src/stm32f4xx_ll_usb.o
                0x000000000800a064                USB_WritePacket
 .text.USB_ReadPacket
                0x000000000800a0e0       0xb0 ./Drivers/STM32F4xx_HAL_Driver/Src/stm32f4xx_ll_usb.o
                0x000000000800a0e0                USB_ReadPacket
 .text.USB_EPSetStall
                0x000000000800a190       0xdc ./Drivers/STM32F4xx_HAL_Driver/Src/stm32f4xx_ll_usb.o
                0x000000000800a190                USB_EPSetStall
 .text.USB_EPClearStall
                0x000000000800a26c       0xcc ./Drivers/STM32F4xx_HAL_Driver/Src/stm32f4xx_ll_usb.o
                0x000000000800a26c                USB_EPClearStall
 .text.USB_SetDevAddress
                0x000000000800a338       0x4c ./Drivers/STM32F4xx_HAL_Driver/Src/stm32f4xx_ll_usb.o
                0x000000000800a338                USB_SetDevAddress
 .text.USB_DevConnect
                0x000000000800a384       0x42 ./Drivers/STM32F4xx_HAL_Driver/Src/stm32f4xx_ll_usb.o
                0x000000000800a384                USB_DevConnect
 .text.USB_DevDisconnect
                0x000000000800a3c6       0x42 ./Drivers/STM32F4xx_HAL_Driver/Src/stm32f4xx_ll_usb.o
                0x000000000800a3c6                USB_DevDisconnect
 .text.USB_ReadInterrupts
                0x000000000800a408       0x26 ./Drivers/STM32F4xx_HAL_Driver/Src/stm32f4xx_ll_usb.o
                0x000000000800a408                USB_ReadInterrupts
 .text.USB_ReadDevAllOutEpInterrupt
                0x000000000800a42e       0x34 ./Drivers/STM32F4xx_HAL_Driver/Src/stm32f4xx_ll_usb.o
                0x000000000800a42e                USB_ReadDevAllOutEpInterrupt
 .text.USB_ReadDevAllInEpInterrupt
                0x000000000800a462       0x34 ./Drivers/STM32F4xx_HAL_Driver/Src/stm32f4xx_ll_usb.o
                0x000000000800a462                USB_ReadDevAllInEpInterrupt
 .text.USB_ReadDevOutEPInterrupt
                0x000000000800a496       0x3c ./Drivers/STM32F4xx_HAL_Driver/Src/stm32f4xx_ll_usb.o
                0x000000000800a496                USB_ReadDevOutEPInterrupt
 .text.USB_ReadDevInEPInterrupt
                0x000000000800a4d2       0x5c ./Drivers/STM32F4xx_HAL_Driver/Src/stm32f4xx_ll_usb.o
                0x000000000800a4d2                USB_ReadDevInEPInterrupt
 .text.USB_GetMode
                0x000000000800a52e       0x1c ./Drivers/STM32F4xx_HAL_Driver/Src/stm32f4xx_ll_usb.o
                0x000000000800a52e                USB_GetMode
 .text.USB_ActivateSetup
                0x000000000800a54a       0x46 ./Drivers/STM32F4xx_HAL_Driver/Src/stm32f4xx_ll_usb.o
                0x000000000800a54a                USB_ActivateSetup
 .text.USB_EP0_OutStart
                0x000000000800a590       0xbc ./Drivers/STM32F4xx_HAL_Driver/Src/stm32f4xx_ll_usb.o
                0x000000000800a590                USB_EP0_OutStart
 .text.USB_CoreReset
                0x000000000800a64c       0x68 ./Drivers/STM32F4xx_HAL_Driver/Src/stm32f4xx_ll_usb.o
 .text.USBD_CDC_Init
                0x000000000800a6b4      0x1f0 ./Middlewares/ST/STM32_USB_Device_Library/Class/CDC/Src/usbd_cdc.o
 .text.USBD_CDC_DeInit
                0x000000000800a8a4      0x104 ./Middlewares/ST/STM32_USB_Device_Library/Class/CDC/Src/usbd_cdc.o
 .text.USBD_CDC_Setup
                0x000000000800a9a8      0x1b8 ./Middlewares/ST/STM32_USB_Device_Library/Class/CDC/Src/usbd_cdc.o
 .text.USBD_CDC_DataIn
                0x000000000800ab60       0xfe ./Middlewares/ST/STM32_USB_Device_Library/Class/CDC/Src/usbd_cdc.o
 .text.USBD_CDC_DataOut
                0x000000000800ac5e       0x70 ./Middlewares/ST/STM32_USB_Device_Library/Class/CDC/Src/usbd_cdc.o
 .text.USBD_CDC_EP0_RxReady
                0x000000000800acce       0x76 ./Middlewares/ST/STM32_USB_Device_Library/Class/CDC/Src/usbd_cdc.o
 .text.USBD_CDC_GetFSCfgDesc
                0x000000000800ad44       0x70 ./Middlewares/ST/STM32_USB_Device_Library/Class/CDC/Src/usbd_cdc.o
 .text.USBD_CDC_GetHSCfgDesc
                0x000000000800adb4       0x70 ./Middlewares/ST/STM32_USB_Device_Library/Class/CDC/Src/usbd_cdc.o
 .text.USBD_CDC_GetOtherSpeedCfgDesc
                0x000000000800ae24       0x70 ./Middlewares/ST/STM32_USB_Device_Library/Class/CDC/Src/usbd_cdc.o
 .text.USBD_CDC_GetDeviceQualifierDescriptor
                0x000000000800ae94       0x20 ./Middlewares/ST/STM32_USB_Device_Library/Class/CDC/Src/usbd_cdc.o
                0x000000000800ae94                USBD_CDC_GetDeviceQualifierDescriptor
 .text.USBD_CDC_RegisterInterface
                0x000000000800aeb4       0x34 ./Middlewares/ST/STM32_USB_Device_Library/Class/CDC/Src/usbd_cdc.o
                0x000000000800aeb4                USBD_CDC_RegisterInterface
 .text.USBD_CDC_SetTxBuffer
                0x000000000800aee8       0x44 ./Middlewares/ST/STM32_USB_Device_Library/Class/CDC/Src/usbd_cdc.o
                0x000000000800aee8                USBD_CDC_SetTxBuffer
 .text.USBD_CDC_SetRxBuffer
                0x000000000800af2c       0x3a ./Middlewares/ST/STM32_USB_Device_Library/Class/CDC/Src/usbd_cdc.o
                0x000000000800af2c                USBD_CDC_SetRxBuffer
 *fill*         0x000000000800af66        0x2 
 .text.USBD_CDC_TransmitPacket
                0x000000000800af68       0x8c ./Middlewares/ST/STM32_USB_Device_Library/Class/CDC/Src/usbd_cdc.o
                0x000000000800af68                USBD_CDC_TransmitPacket
 .text.USBD_CDC_ReceivePacket
                0x000000000800aff4       0x6c ./Middlewares/ST/STM32_USB_Device_Library/Class/CDC/Src/usbd_cdc.o
                0x000000000800aff4                USBD_CDC_ReceivePacket
 .text.USBD_Init
                0x000000000800b060       0x60 ./Middlewares/ST/STM32_USB_Device_Library/Core/Src/usbd_core.o
                0x000000000800b060                USBD_Init
 .text.USBD_RegisterClass
                0x000000000800b0c0       0x6c ./Middlewares/ST/STM32_USB_Device_Library/Core/Src/usbd_core.o
                0x000000000800b0c0                USBD_RegisterClass
 .text.USBD_Start
                0x000000000800b12c       0x18 ./Middlewares/ST/STM32_USB_Device_Library/Core/Src/usbd_core.o
                0x000000000800b12c                USBD_Start
 .text.USBD_RunTestMode
                0x000000000800b144       0x16 ./Middlewares/ST/STM32_USB_Device_Library/Core/Src/usbd_core.o
                0x000000000800b144                USBD_RunTestMode
 .text.USBD_SetClassConfig
                0x000000000800b15a       0x38 ./Middlewares/ST/STM32_USB_Device_Library/Core/Src/usbd_core.o
                0x000000000800b15a                USBD_SetClassConfig
 .text.USBD_ClrClassConfig
                0x000000000800b192       0x34 ./Middlewares/ST/STM32_USB_Device_Library/Core/Src/usbd_core.o
                0x000000000800b192                USBD_ClrClassConfig
 .text.USBD_LL_SetupStage
                0x000000000800b1c6       0xaa ./Middlewares/ST/STM32_USB_Device_Library/Core/Src/usbd_core.o
                0x000000000800b1c6                USBD_LL_SetupStage
 .text.USBD_LL_DataOutStage
                0x000000000800b270      0x166 ./Middlewares/ST/STM32_USB_Device_Library/Core/Src/usbd_core.o
                0x000000000800b270                USBD_LL_DataOutStage
 .text.USBD_LL_DataInStage
                0x000000000800b3d6      0x164 ./Middlewares/ST/STM32_USB_Device_Library/Core/Src/usbd_core.o
                0x000000000800b3d6                USBD_LL_DataInStage
 .text.USBD_LL_Reset
                0x000000000800b53a       0xa4 ./Middlewares/ST/STM32_USB_Device_Library/Core/Src/usbd_core.o
                0x000000000800b53a                USBD_LL_Reset
 .text.USBD_LL_SetSpeed
                0x000000000800b5de       0x20 ./Middlewares/ST/STM32_USB_Device_Library/Core/Src/usbd_core.o
                0x000000000800b5de                USBD_LL_SetSpeed
 .text.USBD_LL_Suspend
                0x000000000800b5fe       0x2c ./Middlewares/ST/STM32_USB_Device_Library/Core/Src/usbd_core.o
                0x000000000800b5fe                USBD_LL_Suspend
 .text.USBD_LL_Resume
                0x000000000800b62a       0x30 ./Middlewares/ST/STM32_USB_Device_Library/Core/Src/usbd_core.o
                0x000000000800b62a                USBD_LL_Resume
 .text.USBD_LL_SOF
                0x000000000800b65a       0x40 ./Middlewares/ST/STM32_USB_Device_Library/Core/Src/usbd_core.o
                0x000000000800b65a                USBD_LL_SOF
 .text.USBD_LL_IsoINIncomplete
                0x000000000800b69a       0x64 ./Middlewares/ST/STM32_USB_Device_Library/Core/Src/usbd_core.o
                0x000000000800b69a                USBD_LL_IsoINIncomplete
 .text.USBD_LL_IsoOUTIncomplete
                0x000000000800b6fe       0x64 ./Middlewares/ST/STM32_USB_Device_Library/Core/Src/usbd_core.o
                0x000000000800b6fe                USBD_LL_IsoOUTIncomplete
 .text.USBD_LL_DevConnected
                0x000000000800b762       0x16 ./Middlewares/ST/STM32_USB_Device_Library/Core/Src/usbd_core.o
                0x000000000800b762                USBD_LL_DevConnected
 .text.USBD_LL_DevDisconnected
                0x000000000800b778       0x46 ./Middlewares/ST/STM32_USB_Device_Library/Core/Src/usbd_core.o
                0x000000000800b778                USBD_LL_DevDisconnected
 .text.USBD_CoreFindIF
                0x000000000800b7be       0x1a ./Middlewares/ST/STM32_USB_Device_Library/Core/Src/usbd_core.o
                0x000000000800b7be                USBD_CoreFindIF
 .text.USBD_CoreFindEP
                0x000000000800b7d8       0x1a ./Middlewares/ST/STM32_USB_Device_Library/Core/Src/usbd_core.o
                0x000000000800b7d8                USBD_CoreFindEP
 .text.USBD_GetEpDesc
                0x000000000800b7f2       0x74 ./Middlewares/ST/STM32_USB_Device_Library/Core/Src/usbd_core.o
                0x000000000800b7f2                USBD_GetEpDesc
 .text.USBD_GetNextDesc
                0x000000000800b866       0x3a ./Middlewares/ST/STM32_USB_Device_Library/Core/Src/usbd_core.o
                0x000000000800b866                USBD_GetNextDesc
 .text.SWAPBYTE
                0x000000000800b8a0       0x3c ./Middlewares/ST/STM32_USB_Device_Library/Core/Src/usbd_ctlreq.o
 .text.USBD_StdDevReq
                0x000000000800b8dc       0xe4 ./Middlewares/ST/STM32_USB_Device_Library/Core/Src/usbd_ctlreq.o
                0x000000000800b8dc                USBD_StdDevReq
 .text.USBD_StdItfReq
                0x000000000800b9c0       0xd8 ./Middlewares/ST/STM32_USB_Device_Library/Core/Src/usbd_ctlreq.o
                0x000000000800b9c0                USBD_StdItfReq
 .text.USBD_StdEPReq
                0x000000000800ba98      0x33a ./Middlewares/ST/STM32_USB_Device_Library/Core/Src/usbd_ctlreq.o
                0x000000000800ba98                USBD_StdEPReq
 *fill*         0x000000000800bdd2        0x2 
 .text.USBD_GetDescriptor
                0x000000000800bdd4      0x2d4 ./Middlewares/ST/STM32_USB_Device_Library/Core/Src/usbd_ctlreq.o
 .text.USBD_SetAddress
                0x000000000800c0a8       0x88 ./Middlewares/ST/STM32_USB_Device_Library/Core/Src/usbd_ctlreq.o
 .text.USBD_SetConfig
                0x000000000800c130      0x154 ./Middlewares/ST/STM32_USB_Device_Library/Core/Src/usbd_ctlreq.o
 .text.USBD_GetConfig
                0x000000000800c284       0x6c ./Middlewares/ST/STM32_USB_Device_Library/Core/Src/usbd_ctlreq.o
 .text.USBD_GetStatus
                0x000000000800c2f0       0x68 ./Middlewares/ST/STM32_USB_Device_Library/Core/Src/usbd_ctlreq.o
 .text.USBD_SetFeature
                0x000000000800c358       0x52 ./Middlewares/ST/STM32_USB_Device_Library/Core/Src/usbd_ctlreq.o
 .text.USBD_ClrFeature
                0x000000000800c3aa       0x44 ./Middlewares/ST/STM32_USB_Device_Library/Core/Src/usbd_ctlreq.o
 .text.USBD_ParseSetupRequest
                0x000000000800c3ee       0x74 ./Middlewares/ST/STM32_USB_Device_Library/Core/Src/usbd_ctlreq.o
                0x000000000800c3ee                USBD_ParseSetupRequest
 .text.USBD_CtlError
                0x000000000800c462       0x22 ./Middlewares/ST/STM32_USB_Device_Library/Core/Src/usbd_ctlreq.o
                0x000000000800c462                USBD_CtlError
 .text.USBD_GetString
                0x000000000800c484       0x8c ./Middlewares/ST/STM32_USB_Device_Library/Core/Src/usbd_ctlreq.o
                0x000000000800c484                USBD_GetString
 .text.USBD_GetLen
                0x000000000800c510       0x34 ./Middlewares/ST/STM32_USB_Device_Library/Core/Src/usbd_ctlreq.o
 .text.USBD_CtlSendData
                0x000000000800c544       0x36 ./Middlewares/ST/STM32_USB_Device_Library/Core/Src/usbd_ioreq.o
                0x000000000800c544                USBD_CtlSendData
 .text.USBD_CtlContinueSendData
                0x000000000800c57a       0x22 ./Middlewares/ST/STM32_USB_Device_Library/Core/Src/usbd_ioreq.o
                0x000000000800c57a                USBD_CtlContinueSendData
 .text.USBD_CtlPrepareRx
                0x000000000800c59c       0x3a ./Middlewares/ST/STM32_USB_Device_Library/Core/Src/usbd_ioreq.o
                0x000000000800c59c                USBD_CtlPrepareRx
 .text.USBD_CtlContinueRx
                0x000000000800c5d6       0x22 ./Middlewares/ST/STM32_USB_Device_Library/Core/Src/usbd_ioreq.o
                0x000000000800c5d6                USBD_CtlContinueRx
 .text.USBD_CtlSendStatus
                0x000000000800c5f8       0x26 ./Middlewares/ST/STM32_USB_Device_Library/Core/Src/usbd_ioreq.o
                0x000000000800c5f8                USBD_CtlSendStatus
 .text.USBD_CtlReceiveStatus
                0x000000000800c61e       0x26 ./Middlewares/ST/STM32_USB_Device_Library/Core/Src/usbd_ioreq.o
                0x000000000800c61e                USBD_CtlReceiveStatus
 .text.MX_USB_DEVICE_Init
                0x000000000800c644       0x60 ./USB_DEVICE/App/usb_device.o
                0x000000000800c644                MX_USB_DEVICE_Init
 .text.CDC_Init_FS
                0x000000000800c6a4       0x28 ./USB_DEVICE/App/usbd_cdc_if.o
 .text.CDC_DeInit_FS
                0x000000000800c6cc       0x10 ./USB_DEVICE/App/usbd_cdc_if.o
 .text.CDC_Control_FS
                0x000000000800c6dc       0xbc ./USB_DEVICE/App/usbd_cdc_if.o
 .text.CDC_Receive_FS
                0x000000000800c798       0x28 ./USB_DEVICE/App/usbd_cdc_if.o
 .text.CDC_Transmit_FS
                0x000000000800c7c0       0x4c ./USB_DEVICE/App/usbd_cdc_if.o
                0x000000000800c7c0                CDC_Transmit_FS
 .text.CDC_TransmitCplt_FS
                0x000000000800c80c       0x22 ./USB_DEVICE/App/usbd_cdc_if.o
 *fill*         0x000000000800c82e        0x2 
 .text.USBD_FS_DeviceDescriptor
                0x000000000800c830       0x24 ./USB_DEVICE/App/usbd_desc.o
                0x000000000800c830                USBD_FS_DeviceDescriptor
 .text.USBD_FS_LangIDStrDescriptor
                0x000000000800c854       0x24 ./USB_DEVICE/App/usbd_desc.o
                0x000000000800c854                USBD_FS_LangIDStrDescriptor
 .text.USBD_FS_ProductStrDescriptor
                0x000000000800c878       0x3c ./USB_DEVICE/App/usbd_desc.o
                0x000000000800c878                USBD_FS_ProductStrDescriptor
 .text.USBD_FS_ManufacturerStrDescriptor
                0x000000000800c8b4       0x28 ./USB_DEVICE/App/usbd_desc.o
                0x000000000800c8b4                USBD_FS_ManufacturerStrDescriptor
 .text.USBD_FS_SerialStrDescriptor
                0x000000000800c8dc       0x24 ./USB_DEVICE/App/usbd_desc.o
                0x000000000800c8dc                USBD_FS_SerialStrDescriptor
 .text.USBD_FS_ConfigStrDescriptor
                0x000000000800c900       0x3c ./USB_DEVICE/App/usbd_desc.o
                0x000000000800c900                USBD_FS_ConfigStrDescriptor
 .text.USBD_FS_InterfaceStrDescriptor
                0x000000000800c93c       0x3c ./USB_DEVICE/App/usbd_desc.o
                0x000000000800c93c                USBD_FS_InterfaceStrDescriptor
 .text.Get_SerialNum
                0x000000000800c978       0x58 ./USB_DEVICE/App/usbd_desc.o
 .text.IntToUnicode
                0x000000000800c9d0       0x7e ./USB_DEVICE/App/usbd_desc.o
 *fill*         0x000000000800ca4e        0x2 
 .text.HAL_PCD_MspInit
                0x000000000800ca50       0xc4 ./USB_DEVICE/Target/usbd_conf.o
                0x000000000800ca50                HAL_PCD_MspInit
 .text.HAL_PCD_SetupStageCallback
                0x000000000800cb14       0x24 ./USB_DEVICE/Target/usbd_conf.o
                0x000000000800cb14                HAL_PCD_SetupStageCallback
 .text.HAL_PCD_DataOutStageCallback
                0x000000000800cb38       0x36 ./USB_DEVICE/Target/usbd_conf.o
                0x000000000800cb38                HAL_PCD_DataOutStageCallback
 .text.HAL_PCD_DataInStageCallback
                0x000000000800cb6e       0x34 ./USB_DEVICE/Target/usbd_conf.o
                0x000000000800cb6e                HAL_PCD_DataInStageCallback
 .text.HAL_PCD_SOFCallback
                0x000000000800cba2       0x1c ./USB_DEVICE/Target/usbd_conf.o
                0x000000000800cba2                HAL_PCD_SOFCallback
 .text.HAL_PCD_ResetCallback
                0x000000000800cbbe       0x50 ./USB_DEVICE/Target/usbd_conf.o
                0x000000000800cbbe                HAL_PCD_ResetCallback
 *fill*         0x000000000800cc0e        0x2 
 .text.HAL_PCD_SuspendCallback
                0x000000000800cc10       0x4c ./USB_DEVICE/Target/usbd_conf.o
                0x000000000800cc10                HAL_PCD_SuspendCallback
 .text.HAL_PCD_ResumeCallback
                0x000000000800cc5c       0x1c ./USB_DEVICE/Target/usbd_conf.o
                0x000000000800cc5c                HAL_PCD_ResumeCallback
 .text.HAL_PCD_ISOOUTIncompleteCallback
                0x000000000800cc78       0x24 ./USB_DEVICE/Target/usbd_conf.o
                0x000000000800cc78                HAL_PCD_ISOOUTIncompleteCallback
 .text.HAL_PCD_ISOINIncompleteCallback
                0x000000000800cc9c       0x24 ./USB_DEVICE/Target/usbd_conf.o
                0x000000000800cc9c                HAL_PCD_ISOINIncompleteCallback
 .text.HAL_PCD_ConnectCallback
                0x000000000800ccc0       0x1c ./USB_DEVICE/Target/usbd_conf.o
                0x000000000800ccc0                HAL_PCD_ConnectCallback
 .text.HAL_PCD_DisconnectCallback
                0x000000000800ccdc       0x1c ./USB_DEVICE/Target/usbd_conf.o
                0x000000000800ccdc                HAL_PCD_DisconnectCallback
 .text.USBD_LL_Init
                0x000000000800ccf8       0x98 ./USB_DEVICE/Target/usbd_conf.o
                0x000000000800ccf8                USBD_LL_Init
 .text.USBD_LL_Start
                0x000000000800cd90       0x36 ./USB_DEVICE/Target/usbd_conf.o
                0x000000000800cd90                USBD_LL_Start
 .text.USBD_LL_OpenEP
                0x000000000800cdc6       0x4c ./USB_DEVICE/Target/usbd_conf.o
                0x000000000800cdc6                USBD_LL_OpenEP
 .text.USBD_LL_CloseEP
                0x000000000800ce12       0x3e ./USB_DEVICE/Target/usbd_conf.o
                0x000000000800ce12                USBD_LL_CloseEP
 .text.USBD_LL_StallEP
                0x000000000800ce50       0x3e ./USB_DEVICE/Target/usbd_conf.o
                0x000000000800ce50                USBD_LL_StallEP
 .text.USBD_LL_ClearStallEP
                0x000000000800ce8e       0x3e ./USB_DEVICE/Target/usbd_conf.o
                0x000000000800ce8e                USBD_LL_ClearStallEP
 .text.USBD_LL_IsStallEP
                0x000000000800cecc       0x58 ./USB_DEVICE/Target/usbd_conf.o
                0x000000000800cecc                USBD_LL_IsStallEP
 .text.USBD_LL_SetUSBAddress
                0x000000000800cf24       0x3e ./USB_DEVICE/Target/usbd_conf.o
                0x000000000800cf24                USBD_LL_SetUSBAddress
 .text.USBD_LL_Transmit
                0x000000000800cf62       0x42 ./USB_DEVICE/Target/usbd_conf.o
                0x000000000800cf62                USBD_LL_Transmit
 .text.USBD_LL_PrepareReceive
                0x000000000800cfa4       0x42 ./USB_DEVICE/Target/usbd_conf.o
                0x000000000800cfa4                USBD_LL_PrepareReceive
 .text.USBD_LL_GetRxDataSize
                0x000000000800cfe6       0x26 ./USB_DEVICE/Target/usbd_conf.o
                0x000000000800cfe6                USBD_LL_GetRxDataSize
 .text.USBD_static_malloc
                0x000000000800d00c       0x1c ./USB_DEVICE/Target/usbd_conf.o
                0x000000000800d00c                USBD_static_malloc
 .text.USBD_static_free
                0x000000000800d028       0x14 ./USB_DEVICE/Target/usbd_conf.o
                0x000000000800d028                USBD_static_free
 .text.USBD_Get_USB_Status
                0x000000000800d03c       0x58 ./USB_DEVICE/Target/usbd_conf.o
                0x000000000800d03c                USBD_Get_USB_Status
 .text._ZdlPvj  0x000000000800d094        0x4 c:/st/stm32cubeide_1.12.0/stm32cubeide/plugins/com.st.stm32cube.ide.mcu.externaltools.gnu-tools-for-stm32.10.3-2021.10.win32_1.0.200.202301161003/tools/bin/../lib/gcc/arm-none-eabi/10.3.1/../../../../arm-none-eabi/lib/thumb/v7e-m+fp/hard\libstdc++_nano.a(del_ops.o)
                0x000000000800d094                operator delete(void*, unsigned int)
 .text._Znwj    0x000000000800d098       0x22 c:/st/stm32cubeide_1.12.0/stm32cubeide/plugins/com.st.stm32cube.ide.mcu.externaltools.gnu-tools-for-stm32.10.3-2021.10.win32_1.0.200.202301161003/tools/bin/../lib/gcc/arm-none-eabi/10.3.1/../../../../arm-none-eabi/lib/thumb/v7e-m+fp/hard\libstdc++_nano.a(new_op.o)
                0x000000000800d098                operator new(unsigned int)
 .text._Znaj    0x000000000800d0ba        0x4 c:/st/stm32cubeide_1.12.0/stm32cubeide/plugins/com.st.stm32cube.ide.mcu.externaltools.gnu-tools-for-stm32.10.3-2021.10.win32_1.0.200.202301161003/tools/bin/../lib/gcc/arm-none-eabi/10.3.1/../../../../arm-none-eabi/lib/thumb/v7e-m+fp/hard\libstdc++_nano.a(new_opv.o)
                0x000000000800d0ba                operator new[](unsigned int)
 .text.__cxa_pure_virtual
                0x000000000800d0be        0x6 c:/st/stm32cubeide_1.12.0/stm32cubeide/plugins/com.st.stm32cube.ide.mcu.externaltools.gnu-tools-for-stm32.10.3-2021.10.win32_1.0.200.202301161003/tools/bin/../lib/gcc/arm-none-eabi/10.3.1/../../../../arm-none-eabi/lib/thumb/v7e-m+fp/hard\libstdc++_nano.a(pure.o)
                0x000000000800d0be                __cxa_pure_virtual
 .text._ZdlPv   0x000000000800d0c4        0x4 c:/st/stm32cubeide_1.12.0/stm32cubeide/plugins/com.st.stm32cube.ide.mcu.externaltools.gnu-tools-for-stm32.10.3-2021.10.win32_1.0.200.202301161003/tools/bin/../lib/gcc/arm-none-eabi/10.3.1/../../../../arm-none-eabi/lib/thumb/v7e-m+fp/hard\libstdc++_nano.a(del_op.o)
                0x000000000800d0c4                operator delete(void*)
 .text._ZN10__cxxabiv111__terminateEPFvvE
                0x000000000800d0c8        0x8 c:/st/stm32cubeide_1.12.0/stm32cubeide/plugins/com.st.stm32cube.ide.mcu.externaltools.gnu-tools-for-stm32.10.3-2021.10.win32_1.0.200.202301161003/tools/bin/../lib/gcc/arm-none-eabi/10.3.1/../../../../arm-none-eabi/lib/thumb/v7e-m+fp/hard\libstdc++_nano.a(eh_terminate.o)
                0x000000000800d0c8                __cxxabiv1::__terminate(void (*)())
 .text._ZSt13get_terminatev
                0x000000000800d0d0       0x10 c:/st/stm32cubeide_1.12.0/stm32cubeide/plugins/com.st.stm32cube.ide.mcu.externaltools.gnu-tools-for-stm32.10.3-2021.10.win32_1.0.200.202301161003/tools/bin/../lib/gcc/arm-none-eabi/10.3.1/../../../../arm-none-eabi/lib/thumb/v7e-m+fp/hard\libstdc++_nano.a(eh_terminate.o)
                0x000000000800d0d0                std::get_terminate()
 .text._ZSt9terminatev
                0x000000000800d0e0        0xa c:/st/stm32cubeide_1.12.0/stm32cubeide/plugins/com.st.stm32cube.ide.mcu.externaltools.gnu-tools-for-stm32.10.3-2021.10.win32_1.0.200.202301161003/tools/bin/../lib/gcc/arm-none-eabi/10.3.1/../../../../arm-none-eabi/lib/thumb/v7e-m+fp/hard\libstdc++_nano.a(eh_terminate.o)
                0x000000000800d0e0                std::terminate()
 *fill*         0x000000000800d0ea        0x2 
 .text._ZSt15get_new_handlerv
                0x000000000800d0ec       0x10 c:/st/stm32cubeide_1.12.0/stm32cubeide/plugins/com.st.stm32cube.ide.mcu.externaltools.gnu-tools-for-stm32.10.3-2021.10.win32_1.0.200.202301161003/tools/bin/../lib/gcc/arm-none-eabi/10.3.1/../../../../arm-none-eabi/lib/thumb/v7e-m+fp/hard\libstdc++_nano.a(new_handler.o)
                0x000000000800d0ec                std::get_new_handler()
 .text.abort    0x000000000800d0fc        0xe c:/st/stm32cubeide_1.12.0/stm32cubeide/plugins/com.st.stm32cube.ide.mcu.externaltools.gnu-tools-for-stm32.10.3-2021.10.win32_1.0.200.202301161003/tools/bin/../lib/gcc/arm-none-eabi/10.3.1/../../../../arm-none-eabi/lib/thumb/v7e-m+fp/hard\libc_nano.a(lib_a-abort.o)
                0x000000000800d0fc                abort
 *fill*         0x000000000800d10a        0x2 
 .text.__errno  0x000000000800d10c        0xc c:/st/stm32cubeide_1.12.0/stm32cubeide/plugins/com.st.stm32cube.ide.mcu.externaltools.gnu-tools-for-stm32.10.3-2021.10.win32_1.0.200.202301161003/tools/bin/../lib/gcc/arm-none-eabi/10.3.1/../../../../arm-none-eabi/lib/thumb/v7e-m+fp/hard\libc_nano.a(lib_a-errno.o)
                0x000000000800d10c                __errno
 .text.__libc_init_array
                0x000000000800d118       0x48 c:/st/stm32cubeide_1.12.0/stm32cubeide/plugins/com.st.stm32cube.ide.mcu.externaltools.gnu-tools-for-stm32.10.3-2021.10.win32_1.0.200.202301161003/tools/bin/../lib/gcc/arm-none-eabi/10.3.1/../../../../arm-none-eabi/lib/thumb/v7e-m+fp/hard\libc_nano.a(lib_a-init.o)
                0x000000000800d118                __libc_init_array
 .text.malloc   0x000000000800d160       0x10 c:/st/stm32cubeide_1.12.0/stm32cubeide/plugins/com.st.stm32cube.ide.mcu.externaltools.gnu-tools-for-stm32.10.3-2021.10.win32_1.0.200.202301161003/tools/bin/../lib/gcc/arm-none-eabi/10.3.1/../../../../arm-none-eabi/lib/thumb/v7e-m+fp/hard\libc_nano.a(lib_a-malloc.o)
                0x000000000800d160                malloc
 .text.free     0x000000000800d170       0x10 c:/st/stm32cubeide_1.12.0/stm32cubeide/plugins/com.st.stm32cube.ide.mcu.externaltools.gnu-tools-for-stm32.10.3-2021.10.win32_1.0.200.202301161003/tools/bin/../lib/gcc/arm-none-eabi/10.3.1/../../../../arm-none-eabi/lib/thumb/v7e-m+fp/hard\libc_nano.a(lib_a-malloc.o)
                0x000000000800d170                free
 .text.memcpy   0x000000000800d180       0x1c c:/st/stm32cubeide_1.12.0/stm32cubeide/plugins/com.st.stm32cube.ide.mcu.externaltools.gnu-tools-for-stm32.10.3-2021.10.win32_1.0.200.202301161003/tools/bin/../lib/gcc/arm-none-eabi/10.3.1/../../../../arm-none-eabi/lib/thumb/v7e-m+fp/hard\libc_nano.a(lib_a-memcpy-stub.o)
                0x000000000800d180                memcpy
 .text.memset   0x000000000800d19c       0x10 c:/st/stm32cubeide_1.12.0/stm32cubeide/plugins/com.st.stm32cube.ide.mcu.externaltools.gnu-tools-for-stm32.10.3-2021.10.win32_1.0.200.202301161003/tools/bin/../lib/gcc/arm-none-eabi/10.3.1/../../../../arm-none-eabi/lib/thumb/v7e-m+fp/hard\libc_nano.a(lib_a-memset.o)
                0x000000000800d19c                memset
 .text._free_r  0x000000000800d1ac       0x98 c:/st/stm32cubeide_1.12.0/stm32cubeide/plugins/com.st.stm32cube.ide.mcu.externaltools.gnu-tools-for-stm32.10.3-2021.10.win32_1.0.200.202301161003/tools/bin/../lib/gcc/arm-none-eabi/10.3.1/../../../../arm-none-eabi/lib/thumb/v7e-m+fp/hard\libc_nano.a(lib_a-nano-freer.o)
                0x000000000800d1ac                _free_r
 .text.sbrk_aligned
                0x000000000800d244       0x40 c:/st/stm32cubeide_1.12.0/stm32cubeide/plugins/com.st.stm32cube.ide.mcu.externaltools.gnu-tools-for-stm32.10.3-2021.10.win32_1.0.200.202301161003/tools/bin/../lib/gcc/arm-none-eabi/10.3.1/../../../../arm-none-eabi/lib/thumb/v7e-m+fp/hard\libc_nano.a(lib_a-nano-mallocr.o)
 .text._malloc_r
                0x000000000800d284       0xe8 c:/st/stm32cubeide_1.12.0/stm32cubeide/plugins/com.st.stm32cube.ide.mcu.externaltools.gnu-tools-for-stm32.10.3-2021.10.win32_1.0.200.202301161003/tools/bin/../lib/gcc/arm-none-eabi/10.3.1/../../../../arm-none-eabi/lib/thumb/v7e-m+fp/hard\libc_nano.a(lib_a-nano-mallocr.o)
                0x000000000800d284                _malloc_r
 .text._sbrk_r  0x000000000800d36c       0x20 c:/st/stm32cubeide_1.12.0/stm32cubeide/plugins/com.st.stm32cube.ide.mcu.externaltools.gnu-tools-for-stm32.10.3-2021.10.win32_1.0.200.202301161003/tools/bin/../lib/gcc/arm-none-eabi/10.3.1/../../../../arm-none-eabi/lib/thumb/v7e-m+fp/hard\libc_nano.a(lib_a-sbrkr.o)
                0x000000000800d36c                _sbrk_r
 .text._raise_r
                0x000000000800d38c       0x50 c:/st/stm32cubeide_1.12.0/stm32cubeide/plugins/com.st.stm32cube.ide.mcu.externaltools.gnu-tools-for-stm32.10.3-2021.10.win32_1.0.200.202301161003/tools/bin/../lib/gcc/arm-none-eabi/10.3.1/../../../../arm-none-eabi/lib/thumb/v7e-m+fp/hard\libc_nano.a(lib_a-signal.o)
                0x000000000800d38c                _raise_r
 .text.raise    0x000000000800d3dc       0x10 c:/st/stm32cubeide_1.12.0/stm32cubeide/plugins/com.st.stm32cube.ide.mcu.externaltools.gnu-tools-for-stm32.10.3-2021.10.win32_1.0.200.202301161003/tools/bin/../lib/gcc/arm-none-eabi/10.3.1/../../../../arm-none-eabi/lib/thumb/v7e-m+fp/hard\libc_nano.a(lib_a-signal.o)
                0x000000000800d3dc                raise
 .text._kill_r  0x000000000800d3ec       0x24 c:/st/stm32cubeide_1.12.0/stm32cubeide/plugins/com.st.stm32cube.ide.mcu.externaltools.gnu-tools-for-stm32.10.3-2021.10.win32_1.0.200.202301161003/tools/bin/../lib/gcc/arm-none-eabi/10.3.1/../../../../arm-none-eabi/lib/thumb/v7e-m+fp/hard\libc_nano.a(lib_a-signalr.o)
                0x000000000800d3ec                _kill_r
 .text._getpid_r
                0x000000000800d410        0x4 c:/st/stm32cubeide_1.12.0/stm32cubeide/plugins/com.st.stm32cube.ide.mcu.externaltools.gnu-tools-for-stm32.10.3-2021.10.win32_1.0.200.202301161003/tools/bin/../lib/gcc/arm-none-eabi/10.3.1/../../../../arm-none-eabi/lib/thumb/v7e-m+fp/hard\libc_nano.a(lib_a-signalr.o)
                0x000000000800d410                _getpid_r
 .text.sprintf  0x000000000800d414       0x40 c:/st/stm32cubeide_1.12.0/stm32cubeide/plugins/com.st.stm32cube.ide.mcu.externaltools.gnu-tools-for-stm32.10.3-2021.10.win32_1.0.200.202301161003/tools/bin/../lib/gcc/arm-none-eabi/10.3.1/../../../../arm-none-eabi/lib/thumb/v7e-m+fp/hard\libc_nano.a(lib_a-sprintf.o)
                0x000000000800d414                siprintf
                0x000000000800d414                sprintf
 .text.__malloc_lock
                0x000000000800d454        0xc c:/st/stm32cubeide_1.12.0/stm32cubeide/plugins/com.st.stm32cube.ide.mcu.externaltools.gnu-tools-for-stm32.10.3-2021.10.win32_1.0.200.202301161003/tools/bin/../lib/gcc/arm-none-eabi/10.3.1/../../../../arm-none-eabi/lib/thumb/v7e-m+fp/hard\libc_nano.a(lib_a-mlock.o)
                0x000000000800d454                __malloc_lock
 .text.__malloc_unlock
                0x000000000800d460        0xc c:/st/stm32cubeide_1.12.0/stm32cubeide/plugins/com.st.stm32cube.ide.mcu.externaltools.gnu-tools-for-stm32.10.3-2021.10.win32_1.0.200.202301161003/tools/bin/../lib/gcc/arm-none-eabi/10.3.1/../../../../arm-none-eabi/lib/thumb/v7e-m+fp/hard\libc_nano.a(lib_a-mlock.o)
                0x000000000800d460                __malloc_unlock
 .text.__ssputs_r
                0x000000000800d46c       0xb6 c:/st/stm32cubeide_1.12.0/stm32cubeide/plugins/com.st.stm32cube.ide.mcu.externaltools.gnu-tools-for-stm32.10.3-2021.10.win32_1.0.200.202301161003/tools/bin/../lib/gcc/arm-none-eabi/10.3.1/../../../../arm-none-eabi/lib/thumb/v7e-m+fp/hard\libc_nano.a(lib_a-nano-svfprintf.o)
                0x000000000800d46c                __ssputs_r
 *fill*         0x000000000800d522        0x2 
 .text._svfprintf_r
                0x000000000800d524      0x200 c:/st/stm32cubeide_1.12.0/stm32cubeide/plugins/com.st.stm32cube.ide.mcu.externaltools.gnu-tools-for-stm32.10.3-2021.10.win32_1.0.200.202301161003/tools/bin/../lib/gcc/arm-none-eabi/10.3.1/../../../../arm-none-eabi/lib/thumb/v7e-m+fp/hard\libc_nano.a(lib_a-nano-svfprintf.o)
                0x000000000800d524                _svfiprintf_r
                0x000000000800d524                _svfprintf_r
 .text._printf_common
                0x000000000800d724       0xda c:/st/stm32cubeide_1.12.0/stm32cubeide/plugins/com.st.stm32cube.ide.mcu.externaltools.gnu-tools-for-stm32.10.3-2021.10.win32_1.0.200.202301161003/tools/bin/../lib/gcc/arm-none-eabi/10.3.1/../../../../arm-none-eabi/lib/thumb/v7e-m+fp/hard\libc_nano.a(lib_a-nano-vfprintf_i.o)
                0x000000000800d724                _printf_common
 *fill*         0x000000000800d7fe        0x2 
 .text._printf_i
                0x000000000800d800      0x24c c:/st/stm32cubeide_1.12.0/stm32cubeide/plugins/com.st.stm32cube.ide.mcu.externaltools.gnu-tools-for-stm32.10.3-2021.10.win32_1.0.200.202301161003/tools/bin/../lib/gcc/arm-none-eabi/10.3.1/../../../../arm-none-eabi/lib/thumb/v7e-m+fp/hard\libc_nano.a(lib_a-nano-vfprintf_i.o)
                0x000000000800d800                _printf_i
 .text.__retarget_lock_acquire_recursive
                0x000000000800da4c        0x2 c:/st/stm32cubeide_1.12.0/stm32cubeide/plugins/com.st.stm32cube.ide.mcu.externaltools.gnu-tools-for-stm32.10.3-2021.10.win32_1.0.200.202301161003/tools/bin/../lib/gcc/arm-none-eabi/10.3.1/../../../../arm-none-eabi/lib/thumb/v7e-m+fp/hard\libc_nano.a(lib_a-lock.o)
                0x000000000800da4c                __retarget_lock_acquire_recursive
 .text.__retarget_lock_release_recursive
                0x000000000800da4e        0x2 c:/st/stm32cubeide_1.12.0/stm32cubeide/plugins/com.st.stm32cube.ide.mcu.externaltools.gnu-tools-for-stm32.10.3-2021.10.win32_1.0.200.202301161003/tools/bin/../lib/gcc/arm-none-eabi/10.3.1/../../../../arm-none-eabi/lib/thumb/v7e-m+fp/hard\libc_nano.a(lib_a-lock.o)
                0x000000000800da4e                __retarget_lock_release_recursive
 .text.memmove  0x000000000800da50       0x34 c:/st/stm32cubeide_1.12.0/stm32cubeide/plugins/com.st.stm32cube.ide.mcu.externaltools.gnu-tools-for-stm32.10.3-2021.10.win32_1.0.200.202301161003/tools/bin/../lib/gcc/arm-none-eabi/10.3.1/../../../../arm-none-eabi/lib/thumb/v7e-m+fp/hard\libc_nano.a(lib_a-memmove.o)
                0x000000000800da50                memmove
 .text._realloc_r
                0x000000000800da84       0x5e c:/st/stm32cubeide_1.12.0/stm32cubeide/plugins/com.st.stm32cube.ide.mcu.externaltools.gnu-tools-for-stm32.10.3-2021.10.win32_1.0.200.202301161003/tools/bin/../lib/gcc/arm-none-eabi/10.3.1/../../../../arm-none-eabi/lib/thumb/v7e-m+fp/hard\libc_nano.a(lib_a-nano-reallocr.o)
                0x000000000800da84                _realloc_r
 .text._malloc_usable_size_r
                0x000000000800dae2       0x10 c:/st/stm32cubeide_1.12.0/stm32cubeide/plugins/com.st.stm32cube.ide.mcu.externaltools.gnu-tools-for-stm32.10.3-2021.10.win32_1.0.200.202301161003/tools/bin/../lib/gcc/arm-none-eabi/10.3.1/../../../../arm-none-eabi/lib/thumb/v7e-m+fp/hard\libc_nano.a(lib_a-nano-msizer.o)
                0x000000000800dae2                _malloc_usable_size_r
 *(.glue_7)
 .glue_7        0x000000000800daf2        0x0 linker stubs
 *(.glue_7t)
 .glue_7t       0x000000000800daf2        0x0 linker stubs
 *(.eh_frame)
 *fill*         0x000000000800daf2        0x2 
 .eh_frame      0x000000000800daf4        0x0 c:/st/stm32cubeide_1.12.0/stm32cubeide/plugins/com.st.stm32cube.ide.mcu.externaltools.gnu-tools-for-stm32.10.3-2021.10.win32_1.0.200.202301161003/tools/bin/../lib/gcc/arm-none-eabi/10.3.1/thumb/v7e-m+fp/hard/crtbegin.o
 *(.init)
 .init          0x000000000800daf4        0x4 c:/st/stm32cubeide_1.12.0/stm32cubeide/plugins/com.st.stm32cube.ide.mcu.externaltools.gnu-tools-for-stm32.10.3-2021.10.win32_1.0.200.202301161003/tools/bin/../lib/gcc/arm-none-eabi/10.3.1/thumb/v7e-m+fp/hard/crti.o
                0x000000000800daf4                _init
 .init          0x000000000800daf8        0x8 c:/st/stm32cubeide_1.12.0/stm32cubeide/plugins/com.st.stm32cube.ide.mcu.externaltools.gnu-tools-for-stm32.10.3-2021.10.win32_1.0.200.202301161003/tools/bin/../lib/gcc/arm-none-eabi/10.3.1/thumb/v7e-m+fp/hard/crtn.o
 *(.fini)
 .fini          0x000000000800db00        0x4 c:/st/stm32cubeide_1.12.0/stm32cubeide/plugins/com.st.stm32cube.ide.mcu.externaltools.gnu-tools-for-stm32.10.3-2021.10.win32_1.0.200.202301161003/tools/bin/../lib/gcc/arm-none-eabi/10.3.1/thumb/v7e-m+fp/hard/crti.o
                0x000000000800db00                _fini
 .fini          0x000000000800db04        0x8 c:/st/stm32cubeide_1.12.0/stm32cubeide/plugins/com.st.stm32cube.ide.mcu.externaltools.gnu-tools-for-stm32.10.3-2021.10.win32_1.0.200.202301161003/tools/bin/../lib/gcc/arm-none-eabi/10.3.1/thumb/v7e-m+fp/hard/crtn.o
                0x000000000800db0c                . = ALIGN (0x4)
                0x000000000800db0c                _etext = .

.vfp11_veneer   0x000000000800db0c        0x0
 .vfp11_veneer  0x000000000800db0c        0x0 linker stubs

.v4_bx          0x000000000800db0c        0x0
 .v4_bx         0x000000000800db0c        0x0 linker stubs

.iplt           0x000000000800db0c        0x0
 .iplt          0x000000000800db0c        0x0 c:/st/stm32cubeide_1.12.0/stm32cubeide/plugins/com.st.stm32cube.ide.mcu.externaltools.gnu-tools-for-stm32.10.3-2021.10.win32_1.0.200.202301161003/tools/bin/../lib/gcc/arm-none-eabi/10.3.1/thumb/v7e-m+fp/hard/crtbegin.o

.rodata         0x000000000800db0c      0x248
                0x000000000800db0c                . = ALIGN (0x4)
 *(.rodata)