../Core/Src/Components/Start.cpp:21:6:void HAL_TIM_PeriodElapsedCallback(TIM_HandleTypeDef*)	16	static
../Core/Src/Components/Start.cpp:27:6:void HAL_UART_TxCpltCallback(UART_HandleTypeDef*)	16	static
../Core/Src/Components/Start.cpp:33:6:void HAL_GPIO_EXTI_Callback(uint16_t)	16	static
../Core/Src/Components/Start.cpp:43:6:void start()	80	static
../Core/Src/Components/Start.cpp:150:1:void __static_initialization_and_destruction_0(int, int)	40	static
../Core/Src/Components/Start.cpp:150:1:cpp)	8	static
../Core/Src/Components/Start.cpp:150:1:cpp)	8	static
